Archive member included because of file (symbol)

/home/tino/ChibiStudio/tools/GNU Tools ARM Embedded/4.6 2012q2/bin/../lib/gcc/arm-none-eabi/4.6.2/../../../../arm-none-eabi/lib/armv7-m/libm.a(lib_a-s_round.o)
                              build/obj/rtcan.o (round)
/home/tino/ChibiStudio/tools/GNU Tools ARM Embedded/4.6 2012q2/bin/../lib/gcc/arm-none-eabi/4.6.2/armv7-m/libgcc.a(_arm_addsubdf3.o)
                              /home/tino/ChibiStudio/tools/GNU Tools ARM Embedded/4.6 2012q2/bin/../lib/gcc/arm-none-eabi/4.6.2/../../../../arm-none-eabi/lib/armv7-m/libm.a(lib_a-s_round.o) (__aeabi_dadd)
/home/tino/ChibiStudio/tools/GNU Tools ARM Embedded/4.6 2012q2/bin/../lib/gcc/arm-none-eabi/4.6.2/armv7-m/libgcc.a(_arm_fixunsdfsi.o)
                              build/obj/rtcan.o (__aeabi_d2uiz)
/home/tino/ChibiStudio/tools/GNU Tools ARM Embedded/4.6 2012q2/bin/../lib/gcc/arm-none-eabi/4.6.2/armv7-m/libgcc.a(_arm_addsubsf3.o)
                              build/obj/rtcan.o (__aeabi_ui2f)
/home/tino/ChibiStudio/tools/GNU Tools ARM Embedded/4.6 2012q2/bin/../lib/gcc/arm-none-eabi/4.6.2/armv7-m/libgcc.a(_arm_muldivsf3.o)
                              build/obj/rtcan.o (__aeabi_fdiv)
/home/tino/ChibiStudio/tools/GNU Tools ARM Embedded/4.6 2012q2/bin/../lib/gcc/arm-none-eabi/4.6.2/../../../../arm-none-eabi/lib/armv7-m/libc.a(lib_a-memset.o)
                              build/obj/syscalls.o (memset)
/home/tino/ChibiStudio/tools/GNU Tools ARM Embedded/4.6 2012q2/bin/../lib/gcc/arm-none-eabi/4.6.2/../../../../arm-none-eabi/lib/armv7-m/libc.a(lib_a-strcasecmp.o)
                              build/obj/shell.o (strcasecmp)
/home/tino/ChibiStudio/tools/GNU Tools ARM Embedded/4.6 2012q2/bin/../lib/gcc/arm-none-eabi/4.6.2/../../../../arm-none-eabi/lib/armv7-m/libc.a(lib_a-strpbrk.o)
                              build/obj/shell.o (strpbrk)
/home/tino/ChibiStudio/tools/GNU Tools ARM Embedded/4.6 2012q2/bin/../lib/gcc/arm-none-eabi/4.6.2/../../../../arm-none-eabi/lib/armv7-m/libc.a(lib_a-strspn.o)
                              build/obj/shell.o (strspn)
/home/tino/ChibiStudio/tools/GNU Tools ARM Embedded/4.6 2012q2/bin/../lib/gcc/arm-none-eabi/4.6.2/../../../../arm-none-eabi/lib/armv7-m/libc.a(lib_a-ctype_.o)
                              /home/tino/ChibiStudio/tools/GNU Tools ARM Embedded/4.6 2012q2/bin/../lib/gcc/arm-none-eabi/4.6.2/../../../../arm-none-eabi/lib/armv7-m/libc.a(lib_a-strcasecmp.o) (__ctype_ptr__)

Discarded input sections

 .text          0x00000000        0x0 build/obj/crt0.o
 .data          0x00000000        0x0 build/obj/crt0.o
 .bss           0x00000000        0x0 build/obj/crt0.o
 .text.__early_init
                0x00000000       0x10 build/obj/crt0.o
 .text          0x00000000        0x0 build/obj/vectors.o
 .data          0x00000000        0x0 build/obj/vectors.o
 .bss           0x00000000        0x0 build/obj/vectors.o
 .text          0x00000000        0x0 build/obj/chcore.o
 .data          0x00000000        0x0 build/obj/chcore.o
 .bss           0x00000000        0x0 build/obj/chcore.o
 .text          0x00000000        0x0 build/obj/chcore_v7m.o
 .data          0x00000000        0x0 build/obj/chcore_v7m.o
 .bss           0x00000000        0x0 build/obj/chcore_v7m.o
 .text          0x00000000        0x0 build/obj/nvic.o
 .data          0x00000000        0x0 build/obj/nvic.o
 .bss           0x00000000        0x0 build/obj/nvic.o
 .text.nvicDisableVector
                0x00000000       0x40 build/obj/nvic.o
 .text          0x00000000        0x0 build/obj/chsys.o
 .data          0x00000000        0x0 build/obj/chsys.o
 .bss           0x00000000        0x0 build/obj/chsys.o
 .text          0x00000000        0x0 build/obj/chdebug.o
 .data          0x00000000        0x0 build/obj/chdebug.o
 .bss           0x00000000        0x0 build/obj/chdebug.o
 .text.dbg_check_disable
                0x00000000       0x30 build/obj/chdebug.o
 .text.dbg_check_suspend
                0x00000000       0x30 build/obj/chdebug.o
 .text          0x00000000        0x0 build/obj/chlists.o
 .data          0x00000000        0x0 build/obj/chlists.o
 .bss           0x00000000        0x0 build/obj/chlists.o
 .text          0x00000000        0x0 build/obj/chvt.o
 .data          0x00000000        0x0 build/obj/chvt.o
 .bss           0x00000000        0x0 build/obj/chvt.o
 .text.chTimeIsWithin
                0x00000000       0x30 build/obj/chvt.o
 .text          0x00000000        0x0 build/obj/chschd.o
 .data          0x00000000        0x0 build/obj/chschd.o
 .bss           0x00000000        0x0 build/obj/chschd.o
 .text.chSchDoRescheduleAhead
                0x00000000       0x60 build/obj/chschd.o
 .text          0x00000000        0x0 build/obj/chthreads.o
 .data          0x00000000        0x0 build/obj/chthreads.o
 .bss           0x00000000        0x0 build/obj/chthreads.o
 .text.chThdSetPriority
                0x00000000       0x50 build/obj/chthreads.o
 .text.chThdResume
[...]
Memory Configuration

Name             Origin             Length             Attributes
flash            0x08000000         0x00020000
ram              0x20000000         0x00005000
*default*        0x00000000         0xffffffff

Linker script and memory map

LOAD build/obj/crt0.o
LOAD build/obj/vectors.o
LOAD build/obj/chcore.o
LOAD build/obj/chcore_v7m.o
LOAD build/obj/nvic.o
LOAD build/obj/chsys.o
LOAD build/obj/chdebug.o
LOAD build/obj/chlists.o
LOAD build/obj/chvt.o
LOAD build/obj/chschd.o
LOAD build/obj/chthreads.o
LOAD build/obj/chdynamic.o
LOAD build/obj/chregistry.o
LOAD build/obj/chsem.o
LOAD build/obj/chmtx.o
LOAD build/obj/chcond.o
LOAD build/obj/chevents.o
LOAD build/obj/chmsg.o
LOAD build/obj/chmboxes.o
LOAD build/obj/chqueues.o
LOAD build/obj/chmemcore.o
LOAD build/obj/chheap.o
LOAD build/obj/chmempools.o
LOAD build/obj/test.o
LOAD build/obj/testthd.o
LOAD build/obj/testsem.o
LOAD build/obj/testmtx.o
LOAD build/obj/testmsg.o
LOAD build/obj/testmbox.o
LOAD build/obj/testevt.o
LOAD build/obj/testheap.o
LOAD build/obj/testpools.o
LOAD build/obj/testdyn.o
LOAD build/obj/testqueues.o
LOAD build/obj/testbmk.o
LOAD build/obj/hal.o
LOAD build/obj/adc.o
LOAD build/obj/can.o
LOAD build/obj/ext.o
LOAD build/obj/gpt.o
LOAD build/obj/i2c.o
LOAD build/obj/icu.o
LOAD build/obj/mac.o
LOAD build/obj/mmc_spi.o
LOAD build/obj/mmcsd.o
LOAD build/obj/pal.o
LOAD build/obj/pwm.o
LOAD build/obj/qei.o
LOAD build/obj/rtc.o
LOAD build/obj/sdc.o
LOAD build/obj/serial.o
LOAD build/obj/serial_usb.o
LOAD build/obj/spi.o
LOAD build/obj/tm.o
LOAD build/obj/uart.o
LOAD build/obj/usb.o
LOAD build/obj/stm32_dma.o
LOAD build/obj/hal_lld.o
LOAD build/obj/adc_lld.o
LOAD build/obj/ext_lld_isr.o
LOAD build/obj/can_lld.o
LOAD build/obj/ext_lld.o
LOAD build/obj/gpt_lld.o
LOAD build/obj/icu_lld.o
LOAD build/obj/mac_lld.o
LOAD build/obj/pwm_lld.o
LOAD build/obj/qei_lld.o
LOAD build/obj/sdc_lld.o
LOAD build/obj/pal_lld.o
LOAD build/obj/i2c_lld.o
LOAD build/obj/rtc_lld.o
LOAD build/obj/spi_lld.o
LOAD build/obj/serial_lld.o
LOAD build/obj/uart_lld.o
LOAD build/obj/usb_lld.o
LOAD build/obj/board.o
LOAD build/obj/chprintf.o
LOAD build/obj/evtimer.o
LOAD build/obj/shell.o
LOAD build/obj/syscalls.o
LOAD build/obj/rtcan_lld_can.o
LOAD build/obj/rtcan_lld_tim.o
LOAD build/obj/rtcan.o
LOAD build/obj/msgqueue.o
LOAD build/obj/hrt.o
LOAD build/obj/srt.o
LOAD build/obj/uid.o
LOAD build/obj/ch.o
LOAD build/obj/BaseMessage.o
LOAD build/obj/MessageQueue.o
LOAD build/obj/BasePublisher.o
LOAD build/obj/BaseSubscriber.o
LOAD build/obj/LocalPublisher.o
LOAD build/obj/LocalSubscriber.o
LOAD build/obj/RemotePublisher.o
LOAD build/obj/RemoteSubscriber.o
LOAD build/obj/Node.o
LOAD build/obj/Middleware.o
LOAD build/obj/RTcan.o
LOAD build/obj/main_middleware_test.o
LOAD /home/tino/ChibiStudio/tools/GNU Tools ARM Embedded/4.6 2012q2/bin/../lib/gcc/arm-none-eabi/4.6.2/../../../../arm-none-eabi/lib/armv7-m/libm.a
START GROUP
LOAD /home/tino/ChibiStudio/tools/GNU Tools ARM Embedded/4.6 2012q2/bin/../lib/gcc/arm-none-eabi/4.6.2/armv7-m/libgcc.a
LOAD /home/tino/ChibiStudio/tools/GNU Tools ARM Embedded/4.6 2012q2/bin/../lib/gcc/arm-none-eabi/4.6.2/../../../../arm-none-eabi/lib/armv7-m/libc.a
END GROUP
                0x00000400                __main_stack_size__ = 0x400
                0x00000400                __process_stack_size__ = 0x400
                0x20000000                __ram_start__ = ORIGIN (ram)
                0x00005000                __ram_size__ = 0x5000
                0x20005000                __ram_end__ = (__ram_start__ + __ram_size__)
                0x00000000                . = 0x0
                0x00000000                _text = .

startup         0x08000000       0xec
 *(vectors)
 vectors        0x08000000       0xec build/obj/vectors.o
                0x08000000                _vectors

constructors    0x080000ec        0xc
                0x080000ec                PROVIDE (__init_array_start, .)
 *(SORT(.init_array.*))
 *(.init_array)
 .init_array    0x080000ec        0x4 build/obj/Node.o
 .init_array    0x080000f0        0x4 build/obj/Middleware.o
 .init_array    0x080000f4        0x4 build/obj/RTcan.o
                0x080000f8                PROVIDE (__init_array_end, .)

destructors     0x080000f8        0x0
                0x080000f8                PROVIDE (__fini_array_start, .)
 *(.fini_array)
 *(SORT(.fini_array.*))
                0x080000f8                PROVIDE (__fini_array_end, .)

.text           0x08000100     0x4f3c
 *(.text.startup.*)
 .text.startup._GLOBAL__sub_I_mw
                0x08000100       0x20 build/obj/Node.o
 .text.startup._GLOBAL__sub_I__ZN10Middleware9_instanceE
                0x08000120       0x20 build/obj/Middleware.o
 .text.startup._GLOBAL__sub_I__ZN5RTcan9_instanceE
                0x08000140       0x10 build/obj/RTcan.o
 .text.startup.main
                0x08000150       0x90 build/obj/main_middleware_test.o
                0x08000150                main
 *(.text)
 .text          0x080001e0      0x370 /home/tino/ChibiStudio/tools/GNU Tools ARM Embedded/4.6 2012q2/bin/../lib/gcc/arm-none-eabi/4.6.2/armv7-m/libgcc.a(_arm_addsubdf3.o)
                0x080001e0                __aeabi_drsub
                0x080001e8                __aeabi_dsub
                0x080001e8                __subdf3
                0x080001ec                __adddf3
                0x080001ec                __aeabi_dadd
                0x08000464                __aeabi_ui2d
                0x08000464                __floatunsidf
                0x08000484                __floatsidf
                0x08000484                __aeabi_i2d
                0x080004a8                __extendsfdf2
                0x080004a8                __aeabi_f2d
                0x080004e4                __aeabi_ul2d
                0x080004e4                __floatundidf
                0x080004f4                __floatdidf
                0x080004f4                __aeabi_l2d
 .text          0x08000550       0x40 /home/tino/ChibiStudio/tools/GNU Tools ARM Embedded/4.6 2012q2/bin/../lib/gcc/arm-none-eabi/4.6.2/armv7-m/libgcc.a(_arm_fixunsdfsi.o)
                0x08000550                __fixunsdfsi
                0x08000550                __aeabi_d2uiz
 .text          0x08000590      0x21c /home/tino/ChibiStudio/tools/GNU Tools ARM Embedded/4.6 2012q2/bin/../lib/gcc/arm-none-eabi/4.6.2/armv7-m/libgcc.a(_arm_addsubsf3.o)
                0x08000590                __aeabi_frsub
                0x08000598                __subsf3
                0x08000598                __aeabi_fsub
                0x0800059c                __aeabi_fadd
                0x0800059c                __addsf3
                0x080006fc                __aeabi_ui2f
                0x080006fc                __floatunsisf
                0x08000704                __aeabi_i2f
                0x08000704                __floatsisf
                0x08000720                __floatundisf
                0x08000720                __aeabi_ul2f
                0x08000730                __floatdisf
                0x08000730                __aeabi_l2f
 *fill*         0x080007ac        0x4 00
 .text          0x080007b0      0x2a0 /home/tino/ChibiStudio/tools/GNU Tools ARM Embedded/4.6 2012q2/bin/../lib/gcc/arm-none-eabi/4.6.2/armv7-m/libgcc.a(_arm_muldivsf3.o)
                0x080007b0                __mulsf3
                0x080007b0                __aeabi_fmul
                0x08000918                __divsf3
                0x08000918                __aeabi_fdiv
 *(.text.*)
 .text.__late_init
                0x08000a50       0x10 build/obj/crt0.o
                0x08000a50                __late_init
 .text._default_exit
                0x08000a60       0x10 build/obj/crt0.o
                0x08000a60                _default_exit
 .text.ResetHandler
                0x08000a70      0x1d0 build/obj/crt0.o
                0x08000a70                ResetHandler
 .text._unhandled_exception
                0x08000c40       0x10 build/obj/vectors.o
                0x08000c40                Vector58
                0x08000c40                VectorE8
                0x08000c40                Vector9C
                0x08000c40                VectorAC
                0x08000c40                Vector5C
                0x08000c40                NMIVector
                0x08000c40                VectorC8
                0x08000c40                VectorA8
                0x08000c40                UsageFaultVector
                0x08000c40                DebugMonitorVector
                0x08000c40                Vector40
                0x08000c40                VectorBC
                0x08000c40                PendSVVector
                0x08000c40                Vector64
                0x08000c40                VectorCC
                0x08000c40                Vector54
                0x08000c40                VectorD8
                0x08000c40                Vector24
                0x08000c40                BusFaultVector
                0x08000c40                VectorD0
                0x08000c40                VectorE4
                0x08000c40                VectorC0
                0x08000c40                HardFaultVector
                0x08000c40                VectorE0
                0x08000c40                MemManageVector
                0x08000c40                VectorA0
                0x08000c40                VectorC4
                0x08000c40                VectorB0
                0x08000c40                Vector60
                0x08000c40                Vector1C
                0x08000c40                Vector48
                0x08000c40                Vector4C
                0x08000c40                Vector68
                0x08000c40                _unhandled_exception
                0x08000c40                Vector88
                0x08000c40                Vector50
                0x08000c40                Vector44
                0x08000c40                Vector28
                0x08000c40                VectorB8
                0x08000c40                Vector34
                0x08000c40                VectorA4
                0x08000c40                Vector20
 .text.port_halt
                0x08000c50       0x10 build/obj/chcore.o
                0x08000c50                port_halt
 .text._port_switch_from_isr
                0x08000c60       0x10 build/obj/chcore_v7m.o
                0x08000c60                _port_switch_from_isr
 .text.SysTickVector
                0x08000c70       0xa0 build/obj/chcore_v7m.o
                0x08000c70                SysTickVector
 .text.SVCallVector
                0x08000d10       0x20 build/obj/chcore_v7m.o
                0x08000d10                SVCallVector
 .text._port_init
                0x08000d30       0x40 build/obj/chcore_v7m.o
                0x08000d30                _port_init
 .text._port_irq_epilogue
                0x08000d70       0x80 build/obj/chcore_v7m.o
                0x08000d70                _port_irq_epilogue
 .text._port_switch
                0x08000df0       0x10 build/obj/chcore_v7m.o
                0x08000df0                _port_switch
 .text._port_thread_start
                0x08000e00       0x20 build/obj/chcore_v7m.o
                0x08000e00                _port_thread_start
 .text.nvicEnableVector
                0x08000e20       0x50 build/obj/nvic.o
                0x08000e20                nvicEnableVector
 .text.nvicSetSystemHandlerPriority
                0x08000e70       0x40 build/obj/nvic.o
                0x08000e70                nvicSetSystemHandlerPriority
 .text._idle_thread
                0x08000eb0       0x20 build/obj/chsys.o
                0x08000eb0                _idle_thread
 .text.chSysInit
                0x08000ed0       0x80 build/obj/chsys.o
                0x08000ed0                chSysInit
 .text.chSysTimerHandlerI
                0x08000f50       0x70 build/obj/chsys.o
                0x08000f50                chSysTimerHandlerI
 .text.dbg_check_enable
                0x08000fc0       0x30 build/obj/chdebug.o
                0x08000fc0                dbg_check_enable
 .text.dbg_check_lock
                0x08000ff0       0x30 build/obj/chdebug.o
                0x08000ff0                dbg_check_lock
 .text.dbg_check_unlock
                0x08001020       0x40 build/obj/chdebug.o
                0x08001020                dbg_check_unlock
 .text.dbg_check_lock_from_isr
                0x08001060       0x30 build/obj/chdebug.o
                0x08001060                dbg_check_lock_from_isr
 .text.dbg_check_unlock_from_isr
                0x08001090       0x40 build/obj/chdebug.o
                0x08001090                dbg_check_unlock_from_isr
 .text.dbg_check_enter_isr
                0x080010d0       0x40 build/obj/chdebug.o
                0x080010d0                dbg_check_enter_isr
 .text.dbg_check_leave_isr
                0x08001110       0x40 build/obj/chdebug.o
                0x08001110                dbg_check_leave_isr
 .text.chDbgCheckClassI
                0x08001150       0x30 build/obj/chdebug.o
                0x08001150                chDbgCheckClassI
 .text.chDbgCheckClassS
                0x08001180       0x30 build/obj/chdebug.o
                0x08001180                chDbgCheckClassS
 .text._trace_init
                0x080011b0       0x20 build/obj/chdebug.o
                0x080011b0                _trace_init
 .text.dbg_trace
                0x080011d0       0x50 build/obj/chdebug.o
                0x080011d0                dbg_trace
 .text.chDbgPanic
                0x08001220       0x10 build/obj/chdebug.o
                0x08001220                chDbgPanic
 .text._vt_init
                0x08001230       0x20 build/obj/chvt.o
                0x08001230                _vt_init
 .text.chVTSetI
                0x08001250       0x60 build/obj/chvt.o
                0x08001250                chVTSetI
 .text.chVTResetI
                0x080012b0       0x50 build/obj/chvt.o
                0x080012b0                chVTResetI
 .text.wakeup   0x08001300       0x90 build/obj/chschd.o
 .text._scheduler_init
                0x08001390       0x20 build/obj/chschd.o
                0x08001390                _scheduler_init
 .text.chSchReadyI
                0x080013b0       0x50 build/obj/chschd.o
                0x080013b0                chSchReadyI
 .text.chSchGoSleepS
                0x08001400       0x50 build/obj/chschd.o
                0x08001400                chSchGoSleepS
 .text.chSchGoSleepTimeoutS
                0x08001450       0xd0 build/obj/chschd.o
                0x08001450                chSchGoSleepTimeoutS
 .text.chSchWakeupS
                0x08001520       0xc0 build/obj/chschd.o
                0x08001520                chSchWakeupS
 .text.chSchRescheduleS
                0x080015e0       0x70 build/obj/chschd.o
                0x080015e0                chSchRescheduleS
 .text.chSchDoRescheduleBehind
                0x08001650       0x80 build/obj/chschd.o
                0x08001650                chSchDoRescheduleBehind
 .text.chSchDoReschedule
                0x080016d0       0x70 build/obj/chschd.o
                0x080016d0                chSchDoReschedule
 .text._thread_init
                0x08001740       0x60 build/obj/chthreads.o
                0x08001740                _thread_init
 .text._thread_memfill
                0x080017a0       0xf0 build/obj/chthreads.o
                0x080017a0                _thread_memfill
 .text.chThdCreateI
                0x08001890       0xa0 build/obj/chthreads.o
                0x08001890                chThdCreateI
 .text.chThdCreateStatic
                0x08001930      0x270 build/obj/chthreads.o
                0x08001930                chThdCreateStatic
 .text.chThdSleep
                0x08001ba0       0x30 build/obj/chthreads.o
                0x08001ba0                chThdSleep
 .text.chThdSleepUntil
                0x08001bd0       0x30 build/obj/chthreads.o
                0x08001bd0                chThdSleepUntil
 .text.chThdExit
                0x08001c00       0x60 build/obj/chthreads.o
                0x08001c00                chThdExit
 .text.chThdCreateFromHeap
                0x08001c60       0x70 build/obj/chdynamic.o
                0x08001c60                chThdCreateFromHeap
 .text.chMtxInit
                0x08001cd0       0x30 build/obj/chmtx.o
                0x08001cd0                chMtxInit
 .text.chMtxLockS
                0x08001d00      0x100 build/obj/chmtx.o
                0x08001d00                chMtxLockS
 .text.chMtxLock
                0x08001e00       0x20 build/obj/chmtx.o
                0x08001e00                chMtxLock
 .text.chMtxUnlock
                0x08001e20       0xa0 build/obj/chmtx.o
                0x08001e20                chMtxUnlock
 .text.chEvtBroadcastFlagsI
                0x08001ec0       0x90 build/obj/chevents.o
                0x08001ec0                chEvtBroadcastFlagsI
 .text.chEvtSignalI
                0x08001f50       0x50 build/obj/chevents.o
                0x08001f50                chEvtSignalI
 .text.chIQInit
                0x08001fa0       0x20 build/obj/chqueues.o
                0x08001fa0                chIQInit
 .text.chIQPutI
                0x08001fc0       0x60 build/obj/chqueues.o
                0x08001fc0                chIQPutI
 .text.chIQGetTimeout
                0x08002020       0x80 build/obj/chqueues.o
                0x08002020                chIQGetTimeout
 .text.chIQReadTimeout
                0x080020a0       0xb0 build/obj/chqueues.o
                0x080020a0                chIQReadTimeout
 .text.chOQInit
                0x08002150       0x20 build/obj/chqueues.o
                0x08002150                chOQInit
 .text.chOQPutTimeout
                0x08002170       0x90 build/obj/chqueues.o
                0x08002170                chOQPutTimeout
 .text.chOQGetI
                0x08002200       0x50 build/obj/chqueues.o
                0x08002200                chOQGetI
 .text.chOQWriteTimeout
                0x08002250      0x2b0 build/obj/chqueues.o
                0x08002250                chOQWriteTimeout
 .text._core_init
                0x08002500       0x40 build/obj/chmemcore.o
                0x08002500                _core_init
 .text.chCoreAlloc
                0x08002540       0x50 build/obj/chmemcore.o
                0x08002540                chCoreAlloc
 .text._heap_init
                0x08002590       0x20 build/obj/chheap.o
                0x08002590                _heap_init
 .text.chHeapAlloc
                0x080025b0       0x90 build/obj/chheap.o
                0x080025b0                chHeapAlloc
 .text.chPoolInit
                0x08002640       0x20 build/obj/chmempools.o
                0x08002640                chPoolInit
 .text.chPoolLoadArray
                0x08002660      0x1e0 build/obj/chmempools.o
                0x08002660                chPoolLoadArray
 .text.chPoolAllocI
                0x08002840       0x30 build/obj/chmempools.o
                0x08002840                chPoolAllocI
 .text.chPoolFreeI
                0x08002870       0x30 build/obj/chmempools.o
                0x08002870                chPoolFreeI
 .text.halInit  0x080028a0       0x30 build/obj/hal.o
                0x080028a0                halInit
 .text.adcInit  0x080028d0       0x10 build/obj/adc.o
                0x080028d0                adcInit
 .text.adcObjectInit
                0x080028e0       0x20 build/obj/adc.o
                0x080028e0                adcObjectInit
 .text.adcStart
                0x08002900       0x50 build/obj/adc.o
                0x08002900                adcStart
 .text.adcStartConversion
                0x08002950       0x70 build/obj/adc.o
                0x08002950                adcStartConversion
 .text.readt    0x080029c0       0x10 build/obj/serial.o
 .text.read     0x080029d0       0x10 build/obj/serial.o
 .text.writet   0x080029e0       0x10 build/obj/serial.o
 .text.write    0x080029f0       0x10 build/obj/serial.o
 .text.gett     0x08002a00       0x10 build/obj/serial.o
 .text.get      0x08002a10       0x10 build/obj/serial.o
 .text.putt     0x08002a20       0x10 build/obj/serial.o
 .text.put      0x08002a30       0x10 build/obj/serial.o
 .text.sdInit   0x08002a40       0x10 build/obj/serial.o
                0x08002a40                sdInit
 .text.sdObjectInit
                0x08002a50       0x50 build/obj/serial.o
                0x08002a50                sdObjectInit
 .text.sdIncomingDataI
                0x08002aa0       0x50 build/obj/serial.o
                0x08002aa0                sdIncomingDataI
 .text.Vector6C
                0x08002af0       0x30 build/obj/stm32_dma.o
                0x08002af0                Vector6C
 .text.Vector70
                0x08002b20       0x30 build/obj/stm32_dma.o
                0x08002b20                Vector70
 .text.Vector74
                0x08002b50       0x40 build/obj/stm32_dma.o
                0x08002b50                Vector74
 .text.Vector78
                0x08002b90       0x40 build/obj/stm32_dma.o
                0x08002b90                Vector78
 .text.Vector7C
                0x08002bd0       0x40 build/obj/stm32_dma.o
                0x08002bd0                Vector7C
 .text.Vector80
                0x08002c10       0x40 build/obj/stm32_dma.o
                0x08002c10                Vector80
 .text.Vector84
                0x08002c50       0x40 build/obj/stm32_dma.o
                0x08002c50                Vector84
 .text.dmaInit  0x08002c90       0x80 build/obj/stm32_dma.o
                0x08002c90                dmaInit
 .text.dmaStreamAllocate
                0x08002d10       0xa0 build/obj/stm32_dma.o
                0x08002d10                dmaStreamAllocate
 .text.hal_lld_init
                0x08002db0       0x90 build/obj/hal_lld.o
                0x08002db0                hal_lld_init
 .text.stm32_clock_init
                0x08002e40       0xc0 build/obj/hal_lld.o
                0x08002e40                stm32_clock_init
 .text.adc_lld_serve_rx_interrupt
                0x08002f00      0x140 build/obj/adc_lld.o
 .text.adc_lld_init
                0x08003040       0x90 build/obj/adc_lld.o
                0x08003040                adc_lld_init
 .text.adc_lld_start
                0x080030d0       0x60 build/obj/adc_lld.o
                0x080030d0                adc_lld_start
 .text.adc_lld_start_conversion
                0x08003130       0x70 build/obj/adc_lld.o
                0x08003130                adc_lld_start_conversion
 .text._pal_lld_init
                0x080031a0       0x90 build/obj/pal_lld.o
                0x080031a0                _pal_lld_init
 .text.notify1  0x08003230       0x20 build/obj/serial_lld.o
 .text.notify3  0x08003250       0x20 build/obj/serial_lld.o
 .text.serve_interrupt
                0x08003270      0x180 build/obj/serial_lld.o
 .text.VectorD4
                0x080033f0       0x20 build/obj/serial_lld.o
                0x080033f0                VectorD4
 .text.VectorDC
                0x08003410       0x20 build/obj/serial_lld.o
                0x08003410                VectorDC
 .text.sd_lld_init
                0x08003430       0x50 build/obj/serial_lld.o
                0x08003430                sd_lld_init
 .text.__early_init
                0x08003480       0x10 build/obj/board.o
                0x08003480                __early_init
 .text.boardInit
                0x08003490       0x10 build/obj/board.o
                0x08003490                boardInit
 .text.Vector8C
                0x080034a0       0x80 build/obj/rtcan_lld_can.o
                0x080034a0                Vector8C
 .text.Vector90
                0x08003520       0x40 build/obj/rtcan_lld_can.o
                0x08003520                Vector90
 .text.Vector94
                0x08003560       0x30 build/obj/rtcan_lld_can.o
                0x08003560                Vector94
 .text.Vector98
                0x08003590       0x30 build/obj/rtcan_lld_can.o
                0x08003590                Vector98
 .text.rtcan_lld_can_init
                0x080035c0       0x20 build/obj/rtcan_lld_can.o
                0x080035c0                rtcan_lld_can_init
 .text.rtcan_lld_can_start
                0x080035e0       0x60 build/obj/rtcan_lld_can.o
                0x080035e0                rtcan_lld_can_start
 .text.rtcan_lld_can_txe
                0x08003640       0x10 build/obj/rtcan_lld_can.o
                0x08003640                rtcan_lld_can_txe
 .text.rtcan_lld_can_transmit
                0x08003650       0x60 build/obj/rtcan_lld_can.o
                0x08003650                rtcan_lld_can_transmit
 .text.rtcan_lld_can_receive
                0x080036b0       0xb0 build/obj/rtcan_lld_can.o
                0x080036b0                rtcan_lld_can_receive
 .text.VectorB4
                0x08003760       0x30 build/obj/rtcan_lld_tim.o
                0x08003760                VectorB4
 .text.rtcan_lld_tim_init
                0x08003790       0x20 build/obj/rtcan_lld_tim.o
                0x08003790                rtcan_lld_tim_init
 .text.rtcan_lld_tim_start
                0x080037b0       0x50 build/obj/rtcan_lld_tim.o
                0x080037b0                rtcan_lld_tim_start
 .text.rtcan_lld_tim_start_timer
                0x08003800       0x20 build/obj/rtcan_lld_tim.o
                0x08003800                rtcan_lld_tim_start_timer
 .text.rtcan_lld_tim_stop_timer
                0x08003820       0x10 build/obj/rtcan_lld_tim.o
                0x08003820                rtcan_lld_tim_stop_timer
 .text.rtcan_lld_tim_set_interval
                0x08003830       0x10 build/obj/rtcan_lld_tim.o
                0x08003830                rtcan_lld_tim_set_interval
 .text.rtcan_lld_tim_get_counter
                0x08003840       0x10 build/obj/rtcan_lld_tim.o
                0x08003840                rtcan_lld_tim_get_counter
 .text.rtcan_lld_tim_set_counter
                0x08003850       0x10 build/obj/rtcan_lld_tim.o
                0x08003850                rtcan_lld_tim_set_counter
 .text.rtcan_sync_transmit
                0x08003860       0x30 build/obj/rtcan.o
                0x08003860                rtcan_sync_transmit
 .text.rtcan_tim_isr_code
                0x08003890       0xa0 build/obj/rtcan.o
                0x08003890                rtcan_tim_isr_code
 .text.rtcan_txok_isr_code
                0x08003930       0x80 build/obj/rtcan.o
                0x08003930                rtcan_txok_isr_code
 .text.rtcan_alst_isr_code
                0x080039b0       0x40 build/obj/rtcan.o
                0x080039b0                rtcan_alst_isr_code
 .text.rtcan_rx_isr_code
                0x080039f0      0x180 build/obj/rtcan.o
                0x080039f0                rtcan_rx_isr_code
 .text.rtcanInit
                0x08003b70       0x10 build/obj/rtcan.o
                0x08003b70                rtcanInit
 .text.rtcanReset
                0x08003b80       0x40 build/obj/rtcan.o
                0x08003b80                rtcanReset
 .text.rtcanStart
                0x08003bc0       0x80 build/obj/rtcan.o
                0x08003bc0                rtcanStart
 .text.rtcanTransmitI
                0x08003c40       0x50 build/obj/rtcan.o
                0x08003c40                rtcanTransmitI
 .text.msgqueue_init
                0x08003c90       0x10 build/obj/msgqueue.o
                0x08003c90                msgqueue_init
 .text.msgqueue_insert
                0x08003ca0       0x40 build/obj/msgqueue.o
                0x08003ca0                msgqueue_insert
 .text.msgqueue_get
                0x08003ce0       0x30 build/obj/msgqueue.o
                0x08003ce0                msgqueue_get
 .text.hrt_reset
                0x08003d10       0x10 build/obj/hrt.o
                0x08003d10                hrt_reset
 .text.hrt_reserved_slot
                0x08003d20       0x40 build/obj/hrt.o
                0x08003d20                hrt_reserved_slot
 .text.hrt_transmit
                0x08003d60      0x110 build/obj/hrt.o
                0x08003d60                hrt_transmit
 .text.srt_transmit
                0x08003e70       0xe0 build/obj/srt.o
                0x08003e70                srt_transmit
 .text._ZN11BaseMessage9referenceEv
                0x08003f50       0x10 build/obj/BaseMessage.o
                0x08003f50                _ZN11BaseMessage9referenceEv
 .text._ZN11BaseMessage11dereferenceEv
                0x08003f60       0x20 build/obj/BaseMessage.o
                0x08003f60                _ZN11BaseMessage11dereferenceEv
 .text._ZN11BaseMessage5resetEv
                0x08003f80       0x10 build/obj/BaseMessage.o
                0x08003f80                _ZN11BaseMessage5resetEv
 .text._ZN12MessageQueueC2EPP11BaseMessagem
                0x08003f90       0x20 build/obj/MessageQueue.o
                0x08003f90                _ZN12MessageQueueC2EPP11BaseMessagem
                0x08003f90                _ZN12MessageQueueC1EPP11BaseMessagem
 .text._ZN12MessageQueue5sizeIEv
                0x08003fb0       0x10 build/obj/MessageQueue.o
                0x08003fb0                _ZN12MessageQueue5sizeIEv
 .text._ZN12MessageQueue4putIEP11BaseMessage
                0x08003fc0       0x40 build/obj/MessageQueue.o
                0x08003fc0                _ZN12MessageQueue4putIEP11BaseMessage
 .text._ZN12MessageQueue4getIEv
                0x08004000       0x30 build/obj/MessageQueue.o
                0x08004000                _ZN12MessageQueue4getIEv
 .text._ZN13BasePublisherC2EPKcj
                0x08004030       0x20 build/obj/BasePublisher.o
                0x08004030                _ZN13BasePublisherC1EPKcj
                0x08004030                _ZN13BasePublisherC2EPKcj
 .text._ZN13BasePublisher5topicEv
                0x08004050       0x10 build/obj/BasePublisher.o
                0x08004050                _ZN13BasePublisher5topicEv
 .text._ZN13BasePublisher5allocEv
                0x08004060       0x30 build/obj/BasePublisher.o
                0x08004060                _ZN13BasePublisher5allocEv
 .text._ZN13BasePublisher8releaseIEP11BaseMessage
                0x08004090       0x20 build/obj/BasePublisher.o
                0x08004090                _ZN13BasePublisher8releaseIEP11BaseMessage
 .text._ZN14BaseSubscriberC2EPKcjPhPP11BaseMessagem
                0x080040b0       0x30 build/obj/BaseSubscriber.o
                0x080040b0                _ZN14BaseSubscriberC2EPKcjPhPP11BaseMessagem
                0x080040b0                _ZN14BaseSubscriberC1EPKcjPhPP11BaseMessagem
 .text._ZN14BaseSubscriber5topicEv
                0x080040e0       0x10 build/obj/BaseSubscriber.o
                0x080040e0                _ZN14BaseSubscriber5topicEv
 .text._ZN14BaseSubscriber8releaseIEP11BaseMessage
                0x080040f0       0x10 build/obj/BaseSubscriber.o
                0x080040f0                _ZN14BaseSubscriber8releaseIEP11BaseMessage
 .text._ZN14LocalPublisherC2EPKcj
                0x08004100       0x10 build/obj/LocalPublisher.o
                0x08004100                _ZN14LocalPublisherC1EPKcj
                0x08004100                _ZN14LocalPublisherC2EPKcj
 .text._ZN14LocalPublisher4nextEv
                0x08004110       0x10 build/obj/LocalPublisher.o
                0x08004110                _ZN14LocalPublisher4nextEv
 .text._ZN14LocalPublisher4nextEPS_
                0x08004120       0x10 build/obj/LocalPublisher.o
                0x08004120                _ZN14LocalPublisher4nextEPS_
 .text._ZN14LocalPublisher9broadcastEP11BaseMessage
                0x08004130       0x60 build/obj/LocalPublisher.o
                0x08004130                _ZN14LocalPublisher9broadcastEP11BaseMessage
 .text._ZN14LocalPublisher9subscribeEP15LocalSubscriberPvjPm
                0x08004190       0x40 build/obj/LocalPublisher.o
                0x08004190                _ZN14LocalPublisher9subscribeEP15LocalSubscriberPvjPm
 .text._ZN14LocalPublisher9subscribeEP16RemoteSubscriberPvjPm
                0x080041d0       0x40 build/obj/LocalPublisher.o
                0x080041d0                _ZN14LocalPublisher9subscribeEP16RemoteSubscriberPvjPm
 .text._ZN15LocalSubscriber4nextEv
                0x08004210       0x10 build/obj/LocalSubscriber.o
                0x08004210                _ZN15LocalSubscriber4nextEv
 .text._ZN15LocalSubscriber4nextEPS_
                0x08004220       0x10 build/obj/LocalSubscriber.o
                0x08004220                _ZN15LocalSubscriber4nextEPS_
 .text._ZN15LocalSubscriber4linkEPS_
                0x08004230       0x10 build/obj/LocalSubscriber.o
                0x08004230                _ZN15LocalSubscriber4linkEPS_
 .text._ZN15LocalSubscriber6notifyEP11BaseMessageRi
                0x08004240       0x30 build/obj/LocalSubscriber.o
                0x08004240                _ZN15LocalSubscriber6notifyEP11BaseMessageRi
 .text._ZN15LocalSubscriber9subscribeEP14LocalPublisherm
                0x08004270       0x30 build/obj/LocalSubscriber.o
                0x08004270                _ZN15LocalSubscriber9subscribeEP14LocalPublisherm
 .text._ZN16RemoteSubscriberC2EPKcjPhPP11BaseMessagem
                0x080042a0       0x30 build/obj/RemoteSubscriber.o
                0x080042a0                _ZN16RemoteSubscriberC1EPKcjPhPP11BaseMessagem
                0x080042a0                _ZN16RemoteSubscriberC2EPKcjPhPP11BaseMessagem
 .text._ZN16RemoteSubscriber4linkEPS_
                0x080042d0       0x10 build/obj/RemoteSubscriber.o
                0x080042d0                _ZN16RemoteSubscriber4linkEPS_
 .text._ZN16RemoteSubscriber6notifyEP11BaseMessageRi
                0x080042e0       0x50 build/obj/RemoteSubscriber.o
                0x080042e0                _ZN16RemoteSubscriber6notifyEP11BaseMessageRi
 .text._ZN16RemoteSubscriber9subscribeEP14LocalPublisher
                0x08004330       0x30 build/obj/RemoteSubscriber.o
                0x08004330                _ZN16RemoteSubscriber9subscribeEP14LocalPublisher
 .text._ZN16RemoteSubscriber2idEt
                0x08004360       0x10 build/obj/RemoteSubscriber.o
                0x08004360                _ZN16RemoteSubscriber2idEt
 .text._ZN16RemoteSubscriber2idEv
                0x08004370       0x10 build/obj/RemoteSubscriber.o
                0x08004370                _ZN16RemoteSubscriber2idEv
 .text._ZN4NodeC2EPKc
                0x08004380       0x10 build/obj/Node.o
                0x08004380                _ZN4NodeC1EPKc
                0x08004380                _ZN4NodeC2EPKc
 .text._ZN4Node4nextEv
                0x08004390       0x10 build/obj/Node.o
                0x08004390                _ZN4Node4nextEv
 .text._ZN4Node4nextEPS_
                0x080043a0       0x10 build/obj/Node.o
                0x080043a0                _ZN4Node4nextEPS_
 .text._ZN4Node10publishersEv
                0x080043b0       0x10 build/obj/Node.o
                0x080043b0                _ZN4Node10publishersEv
 .text._ZN4Node9advertiseEP14LocalPublisher
                0x080043c0       0x40 build/obj/Node.o
                0x080043c0                _ZN4Node9advertiseEP14LocalPublisher
 .text._ZN4Node14localSubscribeEP14LocalPublisherP15LocalSubscriber
                0x08004400       0x80 build/obj/Node.o
                0x08004400                _ZN4Node14localSubscribeEP14LocalPublisherP15LocalSubscriber
 .text._ZN4Node5queueEv
                0x08004480       0x10 build/obj/Node.o
                0x08004480                _ZN4Node5queueEv
 .text._ZN4Node17unqueueSubscriberEP15LocalSubscriber
                0x08004490       0x50 build/obj/Node.o
                0x08004490                _ZN4Node17unqueueSubscriberEP15LocalSubscriber
 .text._ZN10Middleware8instanceEv
                0x080044e0       0x10 build/obj/Middleware.o
                0x080044e0                _ZN10Middleware8instanceEv
 .text._ZN10Middleware9transportEv
                0x080044f0       0x10 build/obj/Middleware.o
                0x080044f0                _ZN10Middleware9transportEv
 .text._ZN10Middleware7newNodeEP4Node
                0x08004500       0x30 build/obj/Middleware.o
                0x08004500                _ZN10Middleware7newNodeEP4Node
 .text._ZN10Middleware7delNodeEP4Node
                0x08004530       0x50 build/obj/Middleware.o
                0x08004530                _ZN10Middleware7delNodeEP4Node
 .text._ZN10Middleware9advertiseEP14LocalPublisher
                0x08004580       0x90 build/obj/Middleware.o
                0x08004580                _ZN10Middleware9advertiseEP14LocalPublisher
 .text._ZN10Middleware18findLocalPublisherEPKc
                0x08004610       0x70 build/obj/Middleware.o
                0x08004610                _ZN10Middleware18findLocalPublisherEPKc
 .text._ZN5RTcan6sendcbEP11rtcan_msg_t
                0x08004680       0x30 build/obj/RTcan.o
                0x08004680                _ZN5RTcan6sendcbEP11rtcan_msg_t
 .text._ZN5RTcanC2Ev
                0x080046b0       0x20 build/obj/RTcan.o
                0x080046b0                _ZN5RTcanC2Ev
                0x080046b0                _ZN5RTcanC1Ev
 .text._ZN5RTcan8instanceEv
                0x080046d0       0x10 build/obj/RTcan.o
                0x080046d0                _ZN5RTcan8instanceEv
 .text._ZN5RTcan4sendEP16RemoteSubscriberP11BaseMessagei
                0x080046e0       0x50 build/obj/RTcan.o
                0x080046e0                _ZN5RTcan4sendEP16RemoteSubscriberP11BaseMessagei
 .text._ZL14blinker_threadPv
                0x08004730       0xa0 build/obj/main_middleware_test.o
 .text._ZL16PublisherThread1Pv
                0x080047d0       0xc0 build/obj/main_middleware_test.o
 .text.round    0x08004890       0x98 /home/tino/ChibiStudio/tools/GNU Tools ARM Embedded/4.6 2012q2/bin/../lib/gcc/arm-none-eabi/4.6.2/../../../../arm-none-eabi/lib/armv7-m/libm.a(lib_a-s_round.o)
                0x08004890                round
 *(.rodata)
 *(.rodata.*)
 *fill*         0x08004928        0x8 00
 .rodata.str1.4
                0x08004930        0x5 build/obj/chsys.o
                                  0x8 (size before relaxing)
 *fill*         0x08004935        0xb 00
 .rodata.str1.4
                0x08004940       0x56 build/obj/chdebug.o
                                 0x58 (size before relaxing)
 *fill*         0x08004996        0xa 00
 .rodata.str1.4
                0x080049a0       0x31 build/obj/chvt.o
                                 0x34 (size before relaxing)
 *fill*         0x080049d1        0xf 00
 .rodata.str1.4
                0x080049e0       0x23 build/obj/chschd.o
                                 0x24 (size before relaxing)
 *fill*         0x08004a03        0xd 00
 .rodata.str1.4
                0x08004a10       0x94 build/obj/chthreads.o
 *fill*         0x08004aa4        0xc 00
 .rodata.ch_debug
                0x08004ab0       0x18 build/obj/chregistry.o
                0x08004ab0                ch_debug
 *fill*         0x08004ac8        0x8 00
 .rodata.str1.4
                0x08004ad0       0xab build/obj/chmtx.o
                                 0xac (size before relaxing)
 *fill*         0x08004b7b        0x5 00
 .rodata.str1.4
                0x08004b80       0x90 build/obj/chevents.o
 .rodata.str1.4
                0x08004c10       0x29 build/obj/chqueues.o
                                 0x2c (size before relaxing)
 *fill*         0x08004c39        0x7 00
 .rodata.str1.4
                0x08004c40       0x45 build/obj/chmempools.o
                                 0x48 (size before relaxing)
 *fill*         0x08004c85        0xb 00
 .rodata.str1.4
                0x08004c90      0x10e build/obj/adc.o
                                0x110 (size before relaxing)
 *fill*         0x08004d9e        0x2 00
 .rodata.str1.4
                0x08004da0       0x5f build/obj/serial.o
                                 0x60 (size before relaxing)
 *fill*         0x08004dff        0x1 00
 .rodata.vmt    0x08004e00       0x20 build/obj/serial.o
 .rodata.str1.4
                0x08004e20       0x47 build/obj/stm32_dma.o
                                 0x48 (size before relaxing)
 *fill*         0x08004e67        0x9 00
 .rodata._stm32_dma_streams
                0x08004e70       0x54 build/obj/stm32_dma.o
                0x08004e70                _stm32_dma_streams
 *fill*         0x08004ec4        0xc 00
 .rodata.str1.4
                0x08004ed0       0x14 build/obj/adc_lld.o
 *fill*         0x08004ee4        0xc 00
 .rodata.pal_default_config
                0x08004ef0       0x3c build/obj/board.o
                0x08004ef0                pal_default_config
 *fill*         0x08004f2c        0x4 00
 .rodata.str1.4
                0x08004f30       0x44 build/obj/rtcan.o
 *fill*         0x08004f74        0xc 00
 .rodata.str1.4
                0x08004f80       0x67 build/obj/msgqueue.o
                                 0x68 (size before relaxing)
 *fill*         0x08004fe7        0x9 00
 .rodata._ZL10adc_grpcfg
                0x08004ff0       0x28 build/obj/main_middleware_test.o
 *fill*         0x08005018        0x8 00
 .rodata.str1.4
                0x08005020       0x1c build/obj/main_middleware_test.o
 *(.glue_7t)
 .glue_7t       0x00000000        0x0 linker stubs
 *(.glue_7)
 .glue_7        0x00000000        0x0 linker stubs
 *(.gcc*)

.vfp11_veneer   0x0800503c        0x0
 .vfp11_veneer  0x00000000        0x0 linker stubs

.v4_bx          0x0800503c        0x0
 .v4_bx         0x00000000        0x0 linker stubs

.ARM.extab
 *(.ARM.extab* .gnu.linkonce.armextab.*)

.ARM.exidx      0x0800503c        0x0
                0x0800503c                PROVIDE (__exidx_start, .)
 *(.ARM.exidx* .gnu.linkonce.armexidx.*)
                0x0800503c                PROVIDE (__exidx_end, .)

.eh_frame_hdr
 *(.eh_frame_hdr)

.eh_frame
 *(.eh_frame)

.textalign      0x0800503c        0x4
                0x08005040                . = ALIGN (0x8)
 *fill*         0x0800503c        0x4 00
                0x08005040                _etext = .
                0x08005040                _textdata = _etext

.stacks         0x20000000      0x800
                0x20000000                . = ALIGN (0x8)
                0x20000000                __main_stack_base__ = .
                0x20000400                . = (. + __main_stack_size__)
 *fill*         0x20000000      0x400 00
                0x20000400                . = ALIGN (0x8)
                0x20000400                __main_stack_end__ = .
                0x20000400                __process_stack_base__ = .
                0x20000400                __main_thread_stack_base__ = .
                0x20000800                . = (. + __process_stack_size__)
 *fill*         0x20000400      0x400 00
                0x20000800                . = ALIGN (0x8)
                0x20000800                __process_stack_end__ = .
                0x20000800                __main_thread_stack_end__ = .

.data           0x20000800        0xc load address 0x08005040
                0x20000800                . = ALIGN (0x4)
                0x20000800                PROVIDE (_data, .)
 *(.data)
                0x20000800                . = ALIGN (0x4)
 *(.data.*)
 .data.rtcan_config
                0x20000800        0xc build/obj/main_middleware_test.o
                0x20000800                rtcan_config
                0x2000080c                . = ALIGN (0x4)
 *(.ramtext)
                0x2000080c                . = ALIGN (0x4)
                0x2000080c                PROVIDE (_edata, .)

.bss            0x20000810      0xf78 load address 0x08005050
                0x20000810                . = ALIGN (0x4)
                0x20000810                PROVIDE (_bss_start, .)
 *(.bss)
                0x20000810                . = ALIGN (0x4)
 *(.bss.*)
 .bss.mainthread.4704
                0x20000810       0x4c build/obj/chsys.o
 *fill*         0x2000085c        0x4 00
 .bss._idle_thread_wa
                0x20000860      0x1a0 build/obj/chsys.o
                0x20000860                _idle_thread_wa
 .bss.dbg_isr_cnt
                0x20000a00        0x4 build/obj/chdebug.o
                0x20000a00                dbg_isr_cnt
 .bss.dbg_trace_buffer
                0x20000a04      0x408 build/obj/chdebug.o
                0x20000a04                dbg_trace_buffer
 .bss.dbg_lock_cnt
                0x20000e0c        0x4 build/obj/chdebug.o
                0x20000e0c                dbg_lock_cnt
 .bss.dbg_panic_msg
                0x20000e10        0x4 build/obj/chdebug.o
                0x20000e10                dbg_panic_msg
 .bss.vtlist    0x20000e14       0x10 build/obj/chvt.o
                0x20000e14                vtlist
 .bss.rlist     0x20000e24       0x1c build/obj/chschd.o
                0x20000e24                rlist
 .bss.endmem    0x20000e40        0x4 build/obj/chmemcore.o
 .bss.realendmem
                0x20000e44        0x4 build/obj/chmemcore.o
 .bss.nextmem   0x20000e48        0x4 build/obj/chmemcore.o
 *fill*         0x20000e4c        0x4 00
 .bss.default_heap
                0x20000e50       0x20 build/obj/chheap.o
 .bss.dma_isr_redir
                0x20000e70       0x38 build/obj/stm32_dma.o
 .bss.dma_streams_mask
                0x20000ea8        0x4 build/obj/stm32_dma.o
 .bss.ADCD1     0x20000eac       0x34 build/obj/adc_lld.o
                0x20000eac                ADCD1
 .bss.SD1       0x20000ee0      0x258 build/obj/serial_lld.o
                0x20000ee0                SD1
 .bss.SD3       0x20001138      0x258 build/obj/serial_lld.o
                0x20001138                SD3
 .bss.last_id   0x20001390        0x4 build/obj/rtcan_lld_can.o
                0x20001390                last_id
 .bss.RTCAND1   0x20001394       0x6c build/obj/rtcan_lld_can.o
                0x20001394                RTCAND1
 .bss.cnt       0x20001400        0x4 build/obj/rtcan_lld_can.o
                0x20001400                cnt
 .bss.last_sync_tim
                0x20001404        0x4 build/obj/rtcan.o
                0x20001404                last_sync_tim
 .bss.mw        0x20001408        0x4 build/obj/Node.o
                0x20001408                mw
 .bss._ZN10Middleware9_instanceE
                0x2000140c        0x8 build/obj/Middleware.o
                0x2000140c                _ZN10Middleware9_instanceE
 .bss._ZN10Middleware10_transportE
                0x20001414        0x4 build/obj/Middleware.o
                0x20001414                _ZN10Middleware10_transportE
 .bss._ZN5RTcan9_instanceE
                0x20001418      0x150 build/obj/RTcan.o
                0x20001418                _ZN5RTcan9_instanceE
 .bss._ZL11adc_samples
                0x20001568       0x10 build/obj/main_middleware_test.o
 .bss._ZL17wa_blinker_thread
                0x20001578      0x210 build/obj/main_middleware_test.o
                0x20001788                . = ALIGN (0x4)
 *(COMMON)
                0x20001788                . = ALIGN (0x4)
                0x20001788                PROVIDE (_bss_end, .)
                0x20001788                PROVIDE (end, .)
                0x20001788                _end = .
                0x20001788                __heap_base__ = _end
                0x20005000                __heap_end__ = __ram_end__
OUTPUT(build/ch.elf elf32-littlearm)

.debug_info     0x00000000    0x32b53
 .debug_info    0x00000000      0x341 build/obj/crt0.o
 .debug_info    0x00000341      0x1f4 build/obj/vectors.o
 .debug_info    0x00000535       0x92 build/obj/chcore.o
 .debug_info    0x000005c7      0x894 build/obj/chcore_v7m.o
 .debug_info    0x00000e5b      0x440 build/obj/nvic.o
 .debug_info    0x0000129b      0x802 build/obj/chsys.o
 .debug_info    0x00001a9d      0x9af build/obj/chdebug.o
 .debug_info    0x0000244c       0x7a build/obj/chlists.o
 .debug_info    0x000024c6      0x278 build/obj/chvt.o
 .debug_info    0x0000273e      0xb73 build/obj/chschd.o
 .debug_info    0x000032b1      0xcb3 build/obj/chthreads.o
 .debug_info    0x00003f64      0x789 build/obj/chdynamic.o
 .debug_info    0x000046ed      0x69c build/obj/chregistry.o
 .debug_info    0x00004d89      0xa14 build/obj/chsem.o
 .debug_info    0x0000579d      0x9a6 build/obj/chmtx.o
 .debug_info    0x00006143      0x9a2 build/obj/chcond.o
 .debug_info    0x00006ae5      0xdc0 build/obj/chevents.o
 .debug_info    0x000078a5      0x66d build/obj/chmsg.o
 .debug_info    0x00007f12      0x9cb build/obj/chmboxes.o
 .debug_info    0x000088dd      0xc6d build/obj/chqueues.o
 .debug_info    0x0000954a      0x3d8 build/obj/chmemcore.o
 .debug_info    0x00009922      0x66e build/obj/chheap.o
 .debug_info    0x00009f90      0x426 build/obj/chmempools.o
 .debug_info    0x0000a3b6     0x1627 build/obj/test.o
 .debug_info    0x0000b9dd      0x83b build/obj/testthd.o
 .debug_info    0x0000c218      0xa0b build/obj/testsem.o
 .debug_info    0x0000cc23      0xcb1 build/obj/testmtx.o
 .debug_info    0x0000d8d4      0x5d1 build/obj/testmsg.o
 .debug_info    0x0000dea5      0xe5c build/obj/testmbox.o
 .debug_info    0x0000ed01      0x9b8 build/obj/testevt.o
 .debug_info    0x0000f6b9      0x6a4 build/obj/testheap.o
 .debug_info    0x0000fd5d      0x285 build/obj/testpools.o
 .debug_info    0x0000ffe2      0x9ac build/obj/testdyn.o
 .debug_info    0x0001098e     0x118d build/obj/testqueues.o
 .debug_info    0x00011b1b      0xe0e build/obj/testbmk.o
 .debug_info    0x00012929      0x2f8 build/obj/hal.o
 .debug_info    0x00012c21      0xd3f build/obj/adc.o
 .debug_info    0x00013960       0xa6 build/obj/can.o
 .debug_info    0x00013a06       0xa6 build/obj/ext.o
 .debug_info    0x00013aac       0xa6 build/obj/gpt.o
 .debug_info    0x00013b52       0xa6 build/obj/i2c.o
 .debug_info    0x00013bf8       0xa6 build/obj/icu.o
 .debug_info    0x00013c9e       0xa6 build/obj/mac.o
 .debug_info    0x00013d44       0xa6 build/obj/mmc_spi.o
 .debug_info    0x00013dea       0xa6 build/obj/mmcsd.o
 .debug_info    0x00013e90      0x24c build/obj/pal.o
 .debug_info    0x000140dc       0xa6 build/obj/pwm.o
 .debug_info    0x00014182       0xa6 build/obj/qei.o
 .debug_info    0x00014228       0xa6 build/obj/rtc.o
 .debug_info    0x000142ce       0xa6 build/obj/sdc.o
 .debug_info    0x00014374      0xcdb build/obj/serial.o
 .debug_info    0x0001504f       0xa6 build/obj/serial_usb.o
 .debug_info    0x000150f5       0xa6 build/obj/spi.o
 .debug_info    0x0001519b       0xa6 build/obj/tm.o
 .debug_info    0x00015241       0xa6 build/obj/uart.o
 .debug_info    0x000152e7       0xa6 build/obj/usb.o
 .debug_info    0x0001538d      0x64e build/obj/stm32_dma.o
 .debug_info    0x000159db      0x3b8 build/obj/hal_lld.o
 .debug_info    0x00015d93      0xc47 build/obj/adc_lld.o
 .debug_info    0x000169da       0xa6 build/obj/ext_lld_isr.o
 .debug_info    0x00016a80       0xa6 build/obj/can_lld.o
 .debug_info    0x00016b26       0xa6 build/obj/ext_lld.o
 .debug_info    0x00016bcc       0xa6 build/obj/gpt_lld.o
 .debug_info    0x00016c72       0xa6 build/obj/icu_lld.o
 .debug_info    0x00016d18       0xa6 build/obj/mac_lld.o
 .debug_info    0x00016dbe       0xa6 build/obj/pwm_lld.o
 .debug_info    0x00016e64       0xa6 build/obj/qei_lld.o
 .debug_info    0x00016f0a       0xa6 build/obj/sdc_lld.o
 .debug_info    0x00016fb0      0x3a1 build/obj/pal_lld.o
 .debug_info    0x00017351       0xa6 build/obj/i2c_lld.o
 .debug_info    0x000173f7       0xa6 build/obj/rtc_lld.o
 .debug_info    0x0001749d       0xa6 build/obj/spi_lld.o
 .debug_info    0x00017543      0xed8 build/obj/serial_lld.o
 .debug_info    0x0001841b       0xa6 build/obj/uart_lld.o
 .debug_info    0x000184c1       0xa6 build/obj/usb_lld.o
 .debug_info    0x00018567      0x18c build/obj/board.o
 .debug_info    0x000186f3      0x491 build/obj/chprintf.o
 .debug_info    0x00018b84      0x65b build/obj/evtimer.o
 .debug_info    0x000191df      0xe18 build/obj/shell.o
 .debug_info    0x00019ff7      0xccd build/obj/syscalls.o
 .debug_info    0x0001acc4     0x1147 build/obj/rtcan_lld_can.o
 .debug_info    0x0001be0b      0xdf0 build/obj/rtcan_lld_tim.o
 .debug_info    0x0001cbfb     0x12b8 build/obj/rtcan.o
 .debug_info    0x0001deb3      0x339 build/obj/msgqueue.o
 .debug_info    0x0001e1ec      0xdd3 build/obj/hrt.o
 .debug_info    0x0001efbf      0xc1b build/obj/srt.o
 .debug_info    0x0001fbda       0xcb build/obj/uid.o
 .debug_info    0x0001fca5     0x38b5 build/obj/ch.o
 .debug_info    0x0002355a      0x1e0 build/obj/BaseMessage.o
 .debug_info    0x0002373a      0x5c8 build/obj/MessageQueue.o
 .debug_info    0x00023d02     0x1419 build/obj/BasePublisher.o
 .debug_info    0x0002511b      0x7df build/obj/BaseSubscriber.o
 .debug_info    0x000258fa     0x138b build/obj/LocalPublisher.o
 .debug_info    0x00026c85     0x1325 build/obj/LocalSubscriber.o
 .debug_info    0x00027faa     0x1ae1 build/obj/RemotePublisher.o
 .debug_info    0x00029a8b     0x1955 build/obj/RemoteSubscriber.o
 .debug_info    0x0002b3e0     0x1c86 build/obj/Node.o
 .debug_info    0x0002d066     0x1b2c build/obj/Middleware.o
 .debug_info    0x0002eb92     0x16e5 build/obj/RTcan.o
 .debug_info    0x00030277     0x28dc build/obj/main_middleware_test.o

.debug_abbrev   0x00000000     0xa462
 .debug_abbrev  0x00000000       0xcc build/obj/crt0.o
 .debug_abbrev  0x000000cc       0xae build/obj/vectors.o
 .debug_abbrev  0x0000017a       0x41 build/obj/chcore.o
 .debug_abbrev  0x000001bb      0x1ee build/obj/chcore_v7m.o
 .debug_abbrev  0x000003a9       0xec build/obj/nvic.o
 .debug_abbrev  0x00000495      0x187 build/obj/chsys.o
 .debug_abbrev  0x0000061c      0x210 build/obj/chdebug.o
 .debug_abbrev  0x0000082c       0x2a build/obj/chlists.o
 .debug_abbrev  0x00000856      0x13d build/obj/chvt.o
 .debug_abbrev  0x00000993      0x2ed build/obj/chschd.o
 .debug_abbrev  0x00000c80      0x30d build/obj/chthreads.o
 .debug_abbrev  0x00000f8d      0x196 build/obj/chdynamic.o
 .debug_abbrev  0x00001123      0x148 build/obj/chregistry.o
 .debug_abbrev  0x0000126b      0x263 build/obj/chsem.o
 .debug_abbrev  0x000014ce      0x273 build/obj/chmtx.o
 .debug_abbrev  0x00001741      0x27e build/obj/chcond.o
 .debug_abbrev  0x000019bf      0x289 build/obj/chevents.o
 .debug_abbrev  0x00001c48      0x1ae build/obj/chmsg.o
 .debug_abbrev  0x00001df6      0x289 build/obj/chmboxes.o
 .debug_abbrev  0x0000207f      0x2c7 build/obj/chqueues.o
 .debug_abbrev  0x00002346      0x196 build/obj/chmemcore.o
 .debug_abbrev  0x000024dc      0x1a3 build/obj/chheap.o
 .debug_abbrev  0x0000267f      0x1e7 build/obj/chmempools.o
 .debug_abbrev  0x00002866      0x43f build/obj/test.o
 .debug_abbrev  0x00002ca5      0x1ff build/obj/testthd.o
 .debug_abbrev  0x00002ea4      0x26b build/obj/testsem.o
 .debug_abbrev  0x0000310f      0x294 build/obj/testmtx.o
 .debug_abbrev  0x000033a3      0x164 build/obj/testmsg.o
 .debug_abbrev  0x00003507      0x1d1 build/obj/testmbox.o
 .debug_abbrev  0x000036d8      0x24e build/obj/testevt.o
 .debug_abbrev  0x00003926      0x19d build/obj/testheap.o
 .debug_abbrev  0x00003ac3      0x172 build/obj/testpools.o
 .debug_abbrev  0x00003c35      0x284 build/obj/testdyn.o
 .debug_abbrev  0x00003eb9      0x244 build/obj/testqueues.o
 .debug_abbrev  0x000040fd      0x2c2 build/obj/testbmk.o
 .debug_abbrev  0x000043bf      0x175 build/obj/hal.o
 .debug_abbrev  0x00004534      0x267 build/obj/adc.o
 .debug_abbrev  0x0000479b       0x4f build/obj/can.o
 .debug_abbrev  0x000047ea       0x4f build/obj/ext.o
 .debug_abbrev  0x00004839       0x4f build/obj/gpt.o
 .debug_abbrev  0x00004888       0x4f build/obj/i2c.o
 .debug_abbrev  0x000048d7       0x4f build/obj/icu.o
 .debug_abbrev  0x00004926       0x4f build/obj/mac.o
 .debug_abbrev  0x00004975       0x4f build/obj/mmc_spi.o
 .debug_abbrev  0x000049c4       0x4f build/obj/mmcsd.o
 .debug_abbrev  0x00004a13       0xfc build/obj/pal.o
 .debug_abbrev  0x00004b0f       0x4f build/obj/pwm.o
 .debug_abbrev  0x00004b5e       0x4f build/obj/qei.o
 .debug_abbrev  0x00004bad       0x4f build/obj/rtc.o
 .debug_abbrev  0x00004bfc       0x4f build/obj/sdc.o
 .debug_abbrev  0x00004c4b      0x218 build/obj/serial.o
 .debug_abbrev  0x00004e63       0x4f build/obj/serial_usb.o
 .debug_abbrev  0x00004eb2       0x4f build/obj/spi.o
 .debug_abbrev  0x00004f01       0x4f build/obj/tm.o
 .debug_abbrev  0x00004f50       0x4f build/obj/uart.o
 .debug_abbrev  0x00004f9f       0x4f build/obj/usb.o
 .debug_abbrev  0x00004fee      0x18a build/obj/stm32_dma.o
 .debug_abbrev  0x00005178       0xf6 build/obj/hal_lld.o
 .debug_abbrev  0x0000526e      0x226 build/obj/adc_lld.o
 .debug_abbrev  0x00005494       0x4f build/obj/ext_lld_isr.o
 .debug_abbrev  0x000054e3       0x4f build/obj/can_lld.o
 .debug_abbrev  0x00005532       0x4f build/obj/ext_lld.o
 .debug_abbrev  0x00005581       0x4f build/obj/gpt_lld.o
 .debug_abbrev  0x000055d0       0x4f build/obj/icu_lld.o
 .debug_abbrev  0x0000561f       0x4f build/obj/mac_lld.o
 .debug_abbrev  0x0000566e       0x4f build/obj/pwm_lld.o
 .debug_abbrev  0x000056bd       0x4f build/obj/qei_lld.o
 .debug_abbrev  0x0000570c       0x4f build/obj/sdc_lld.o
 .debug_abbrev  0x0000575b      0x129 build/obj/pal_lld.o
 .debug_abbrev  0x00005884       0x4f build/obj/i2c_lld.o
 .debug_abbrev  0x000058d3       0x4f build/obj/rtc_lld.o
 .debug_abbrev  0x00005922       0x4f build/obj/spi_lld.o
 .debug_abbrev  0x00005971      0x2f4 build/obj/serial_lld.o
 .debug_abbrev  0x00005c65       0x4f build/obj/uart_lld.o
 .debug_abbrev  0x00005cb4       0x4f build/obj/usb_lld.o
 .debug_abbrev  0x00005d03       0xa9 build/obj/board.o
 .debug_abbrev  0x00005dac      0x1a0 build/obj/chprintf.o
 .debug_abbrev  0x00005f4c      0x151 build/obj/evtimer.o
 .debug_abbrev  0x0000609d      0x2de build/obj/shell.o
 .debug_abbrev  0x0000637b      0x1dc build/obj/syscalls.o
 .debug_abbrev  0x00006557      0x322 build/obj/rtcan_lld_can.o
 .debug_abbrev  0x00006879      0x251 build/obj/rtcan_lld_tim.o
 .debug_abbrev  0x00006aca      0x353 build/obj/rtcan.o
 .debug_abbrev  0x00006e1d      0x176 build/obj/msgqueue.o
 .debug_abbrev  0x00006f93      0x313 build/obj/hrt.o
 .debug_abbrev  0x000072a6      0x230 build/obj/srt.o
 .debug_abbrev  0x000074d6       0x82 build/obj/uid.o
 .debug_abbrev  0x00007558      0x5c1 build/obj/ch.o
 .debug_abbrev  0x00007b19      0x14c build/obj/BaseMessage.o
 .debug_abbrev  0x00007c65      0x25d build/obj/MessageQueue.o
 .debug_abbrev  0x00007ec2      0x363 build/obj/BasePublisher.o
 .debug_abbrev  0x00008225      0x1e0 build/obj/BaseSubscriber.o
 .debug_abbrev  0x00008405      0x345 build/obj/LocalPublisher.o
 .debug_abbrev  0x0000874a      0x35f build/obj/LocalSubscriber.o
 .debug_abbrev  0x00008aa9      0x3b9 build/obj/RemotePublisher.o
 .debug_abbrev  0x00008e62      0x3ee build/obj/RemoteSubscriber.o
 .debug_abbrev  0x00009250      0x494 build/obj/Node.o
 .debug_abbrev  0x000096e4      0x44b build/obj/Middleware.o
 .debug_abbrev  0x00009b2f      0x48f build/obj/RTcan.o
 .debug_abbrev  0x00009fbe      0x4a4 build/obj/main_middleware_test.o

.debug_loc      0x00000000     0xfdbc
 .debug_loc     0x00000000       0x88 build/obj/crt0.o
 .debug_loc     0x00000088      0x158 build/obj/chcore_v7m.o
 .debug_loc     0x000001e0      0x115 build/obj/nvic.o
 .debug_loc     0x000002f5       0xe2 build/obj/chsys.o
 .debug_loc     0x000003d7      0x1fa build/obj/chdebug.o
 .debug_loc     0x000005d1      0x143 build/obj/chvt.o
 .debug_loc     0x00000714      0x57b build/obj/chschd.o
 .debug_loc     0x00000c8f      0x7e0 build/obj/chthreads.o
 .debug_loc     0x0000146f      0x324 build/obj/chdynamic.o
 .debug_loc     0x00001793       0xf4 build/obj/chregistry.o
 .debug_loc     0x00001887      0x690 build/obj/chsem.o
 .debug_loc     0x00001f17      0x59b build/obj/chmtx.o
 .debug_loc     0x000024b2      0x668 build/obj/chcond.o
 .debug_loc     0x00002b1a      0xacb build/obj/chevents.o
 .debug_loc     0x000035e5      0x1ef build/obj/chmsg.o
 .debug_loc     0x000037d4      0x690 build/obj/chmboxes.o
 .debug_loc     0x00003e64      0x9a4 build/obj/chqueues.o
 .debug_loc     0x00004808      0x2dc build/obj/chmemcore.o
 .debug_loc     0x00004ae4      0x2bc build/obj/chheap.o
 .debug_loc     0x00004da0      0x4d1 build/obj/chmempools.o
 .debug_loc     0x00005271      0x850 build/obj/test.o
 .debug_loc     0x00005ac1      0x1f0 build/obj/testthd.o
 .debug_loc     0x00005cb1      0x361 build/obj/testsem.o
 .debug_loc     0x00006012      0x65e build/obj/testmtx.o
 .debug_loc     0x00006670       0xe0 build/obj/testmsg.o
 .debug_loc     0x00006750      0x5e0 build/obj/testmbox.o
 .debug_loc     0x00006d30      0x252 build/obj/testevt.o
 .debug_loc     0x00006f82      0x1c3 build/obj/testheap.o
 .debug_loc     0x00007145       0x8b build/obj/testpools.o
 .debug_loc     0x000071d0      0x2d0 build/obj/testdyn.o
 .debug_loc     0x000074a0      0x7d7 build/obj/testqueues.o
 .debug_loc     0x00007c77      0x5fb build/obj/testbmk.o
 .debug_loc     0x00008272       0x7a build/obj/hal.o
 .debug_loc     0x000082ec      0x4a9 build/obj/adc.o
 .debug_loc     0x00008795       0xf6 build/obj/pal.o
 .debug_loc     0x0000888b      0x423 build/obj/serial.o
 .debug_loc     0x00008cae      0x302 build/obj/stm32_dma.o
 .debug_loc     0x00008fb0       0x20 build/obj/hal_lld.o
 .debug_loc     0x00008fd0      0x368 build/obj/adc_lld.o
 .debug_loc     0x00009338      0x299 build/obj/pal_lld.o
 .debug_loc     0x000095d1      0x321 build/obj/serial_lld.o
 .debug_loc     0x000098f2      0x902 build/obj/chprintf.o
 .debug_loc     0x0000a1f4      0x155 build/obj/evtimer.o
 .debug_loc     0x0000a349      0x6dc build/obj/shell.o
 .debug_loc     0x0000aa25      0x167 build/obj/syscalls.o
 .debug_loc     0x0000ab8c      0x32f build/obj/rtcan_lld_can.o
 .debug_loc     0x0000aebb      0x1b2 build/obj/rtcan_lld_tim.o
 .debug_loc     0x0000b06d      0x7a1 build/obj/rtcan.o
 .debug_loc     0x0000b80e      0x160 build/obj/msgqueue.o
 .debug_loc     0x0000b96e      0x406 build/obj/hrt.o
 .debug_loc     0x0000bd74       0xd5 build/obj/srt.o
 .debug_loc     0x0000be49     0x14e3 build/obj/ch.o
 .debug_loc     0x0000d32c       0x1e build/obj/BaseMessage.o
 .debug_loc     0x0000d34a      0x308 build/obj/MessageQueue.o
 .debug_loc     0x0000d652      0x363 build/obj/BasePublisher.o
 .debug_loc     0x0000d9b5      0x16a build/obj/BaseSubscriber.o
 .debug_loc     0x0000db1f      0x302 build/obj/LocalPublisher.o
 .debug_loc     0x0000de21      0x315 build/obj/LocalSubscriber.o
 .debug_loc     0x0000e136      0x1d9 build/obj/RemotePublisher.o
 .debug_loc     0x0000e30f      0x223 build/obj/RemoteSubscriber.o
 .debug_loc     0x0000e532      0xfc0 build/obj/Node.o
 .debug_loc     0x0000f4f2      0x5c2 build/obj/Middleware.o
 .debug_loc     0x0000fab4      0x220 build/obj/RTcan.o
 .debug_loc     0x0000fcd4       0xe8 build/obj/main_middleware_test.o

.debug_aranges  0x00000000     0x1a30
 .debug_aranges
                0x00000000       0x38 build/obj/crt0.o
 .debug_aranges
                0x00000038       0x20 build/obj/vectors.o
 .debug_aranges
                0x00000058       0x20 build/obj/chcore.o
 .debug_aranges
                0x00000078       0x50 build/obj/chcore_v7m.o
 .debug_aranges
                0x000000c8       0x30 build/obj/nvic.o
 .debug_aranges
                0x000000f8       0x30 build/obj/chsys.o
 .debug_aranges
                0x00000128       0x88 build/obj/chdebug.o
 .debug_aranges
                0x000001b0       0x38 build/obj/chvt.o
 .debug_aranges
                0x000001e8       0x68 build/obj/chschd.o
 .debug_aranges
                0x00000250       0x80 build/obj/chthreads.o
 .debug_aranges
                0x000002d0       0x38 build/obj/chdynamic.o
 .debug_aranges
                0x00000308       0x28 build/obj/chregistry.o
 .debug_aranges
                0x00000330       0x70 build/obj/chsem.o
 .debug_aranges
                0x000003a0       0x58 build/obj/chmtx.o
 .debug_aranges
                0x000003f8       0x60 build/obj/chcond.o
 .debug_aranges
                0x00000458       0xa0 build/obj/chevents.o
 .debug_aranges
                0x000004f8       0x30 build/obj/chmsg.o
 .debug_aranges
                0x00000528       0x70 build/obj/chmboxes.o
 .debug_aranges
                0x00000598       0x68 build/obj/chqueues.o
 .debug_aranges
                0x00000600       0x58 build/obj/chmemcore.o
 .debug_aranges
                0x00000658       0x40 build/obj/chheap.o
 .debug_aranges
                0x00000698       0x48 build/obj/chmempools.o
 .debug_aranges
                0x000006e0       0x90 build/obj/test.o
 .debug_aranges
                0x00000770       0x40 build/obj/testthd.o
 .debug_aranges
                0x000007b0       0x70 build/obj/testsem.o
 .debug_aranges
                0x00000820      0x108 build/obj/testmtx.o
 .debug_aranges
                0x00000928       0x28 build/obj/testmsg.o
 .debug_aranges
                0x00000950       0x28 build/obj/testmbox.o
 .debug_aranges
                0x00000978       0x70 build/obj/testevt.o
 .debug_aranges
                0x000009e8       0x28 build/obj/testheap.o
 .debug_aranges
                0x00000a10       0x30 build/obj/testpools.o
 .debug_aranges
                0x00000a40       0x58 build/obj/testdyn.o
 .debug_aranges
                0x00000a98       0x50 build/obj/testqueues.o
 .debug_aranges
                0x00000ae8       0xd0 build/obj/testbmk.o
 .debug_aranges
                0x00000bb8       0x30 build/obj/hal.o
 .debug_aranges
                0x00000be8       0x70 build/obj/adc.o
 .debug_aranges
                0x00000c58       0x30 build/obj/pal.o
 .debug_aranges
                0x00000c88       0x88 build/obj/serial.o
 .debug_aranges
                0x00000d10       0x68 build/obj/stm32_dma.o
 .debug_aranges
                0x00000d78       0x28 build/obj/hal_lld.o
 .debug_aranges
                0x00000da0       0x48 build/obj/adc_lld.o
 .debug_aranges
                0x00000de8       0x28 build/obj/pal_lld.o
 .debug_aranges
                0x00000e10       0x58 build/obj/serial_lld.o
 .debug_aranges
                0x00000e68       0x28 build/obj/board.o
 .debug_aranges
                0x00000e90       0x20 build/obj/chprintf.o
 .debug_aranges
                0x00000eb0       0x30 build/obj/evtimer.o
 .debug_aranges
                0x00000ee0       0x50 build/obj/shell.o
 .debug_aranges
                0x00000f30       0x50 build/obj/syscalls.o
 .debug_aranges
                0x00000f80       0x78 build/obj/rtcan_lld_can.o
 .debug_aranges
                0x00000ff8       0x68 build/obj/rtcan_lld_tim.o
 .debug_aranges
                0x00001060       0x90 build/obj/rtcan.o
 .debug_aranges
                0x000010f0       0x38 build/obj/msgqueue.o
 .debug_aranges
                0x00001128       0x60 build/obj/hrt.o
 .debug_aranges
                0x00001188       0x28 build/obj/srt.o
 .debug_aranges
                0x000011b0       0x20 build/obj/uid.o
 .debug_aranges
                0x000011d0      0x448 build/obj/ch.o
 .debug_aranges
                0x00001618       0x38 build/obj/BaseMessage.o
 .debug_aranges
                0x00001650       0x50 build/obj/MessageQueue.o
 .debug_aranges
                0x000016a0       0x58 build/obj/BasePublisher.o
 .debug_aranges
                0x000016f8       0x50 build/obj/BaseSubscriber.o
 .debug_aranges
                0x00001748       0x48 build/obj/LocalPublisher.o
 .debug_aranges
                0x00001790       0x70 build/obj/LocalSubscriber.o
 .debug_aranges
                0x00001800       0x50 build/obj/RemotePublisher.o
 .debug_aranges
                0x00001850       0x60 build/obj/RemoteSubscriber.o
 .debug_aranges
                0x000018b0       0x90 build/obj/Node.o
 .debug_aranges
                0x00001940       0x70 build/obj/Middleware.o
 .debug_aranges
                0x000019b0       0x50 build/obj/RTcan.o
 .debug_aranges
                0x00001a00       0x30 build/obj/main_middleware_test.o

.debug_ranges   0x00000000     0x3ad8
 .debug_ranges  0x00000000       0x58 build/obj/crt0.o
 .debug_ranges  0x00000058       0x10 build/obj/vectors.o
 .debug_ranges  0x00000068       0x10 build/obj/chcore.o
 .debug_ranges  0x00000078       0x70 build/obj/chcore_v7m.o
 .debug_ranges  0x000000e8       0x20 build/obj/nvic.o
 .debug_ranges  0x00000108       0x20 build/obj/chsys.o
 .debug_ranges  0x00000128       0xf0 build/obj/chdebug.o
 .debug_ranges  0x00000218       0x28 build/obj/chvt.o
 .debug_ranges  0x00000240      0x480 build/obj/chschd.o
 .debug_ranges  0x000006c0      0x1c0 build/obj/chthreads.o
 .debug_ranges  0x00000880       0x58 build/obj/chdynamic.o
 .debug_ranges  0x000008d8       0x18 build/obj/chregistry.o
 .debug_ranges  0x000008f0      0x258 build/obj/chsem.o
 .debug_ranges  0x00000b48      0x248 build/obj/chmtx.o
 .debug_ranges  0x00000d90      0x170 build/obj/chcond.o
 .debug_ranges  0x00000f00      0x1c0 build/obj/chevents.o
 .debug_ranges  0x000010c0       0x40 build/obj/chmsg.o
 .debug_ranges  0x00001100      0x138 build/obj/chmboxes.o
 .debug_ranges  0x00001238      0x218 build/obj/chqueues.o
 .debug_ranges  0x00001450       0x78 build/obj/chmemcore.o
 .debug_ranges  0x000014c8       0x30 build/obj/chheap.o
 .debug_ranges  0x000014f8      0x258 build/obj/chmempools.o
 .debug_ranges  0x00001750      0x388 build/obj/test.o
 .debug_ranges  0x00001ad8       0x78 build/obj/testthd.o
 .debug_ranges  0x00001b50       0xf0 build/obj/testsem.o
 .debug_ranges  0x00001c40      0x110 build/obj/testmtx.o
 .debug_ranges  0x00001d50       0x18 build/obj/testmsg.o
 .debug_ranges  0x00001d68       0x18 build/obj/testmbox.o
 .debug_ranges  0x00001d80       0x90 build/obj/testevt.o
 .debug_ranges  0x00001e10       0x18 build/obj/testheap.o
 .debug_ranges  0x00001e28       0x50 build/obj/testpools.o
 .debug_ranges  0x00001e78       0x48 build/obj/testdyn.o
 .debug_ranges  0x00001ec0      0x180 build/obj/testqueues.o
 .debug_ranges  0x00002040       0xd8 build/obj/testbmk.o
 .debug_ranges  0x00002118       0x50 build/obj/hal.o
 .debug_ranges  0x00002168       0xb0 build/obj/adc.o
 .debug_ranges  0x00002218       0x20 build/obj/pal.o
 .debug_ranges  0x00002238       0x78 build/obj/serial.o
 .debug_ranges  0x000022b0       0x58 build/obj/stm32_dma.o
 .debug_ranges  0x00002308       0x38 build/obj/hal_lld.o
 .debug_ranges  0x00002340       0x70 build/obj/adc_lld.o
 .debug_ranges  0x000023b0       0x18 build/obj/pal_lld.o
 .debug_ranges  0x000023c8       0x90 build/obj/serial_lld.o
 .debug_ranges  0x00002458       0x18 build/obj/board.o
 .debug_ranges  0x00002470      0x130 build/obj/chprintf.o
 .debug_ranges  0x000025a0       0x80 build/obj/evtimer.o
 .debug_ranges  0x00002620      0x230 build/obj/shell.o
 .debug_ranges  0x00002850       0x40 build/obj/syscalls.o
 .debug_ranges  0x00002890       0xd8 build/obj/rtcan_lld_can.o
 .debug_ranges  0x00002968       0x58 build/obj/rtcan_lld_tim.o
 .debug_ranges  0x000029c0      0x110 build/obj/rtcan.o
 .debug_ranges  0x00002ad0       0x28 build/obj/msgqueue.o
 .debug_ranges  0x00002af8       0x80 build/obj/hrt.o
 .debug_ranges  0x00002b78       0x48 build/obj/srt.o
 .debug_ranges  0x00002bc0       0x10 build/obj/uid.o
 .debug_ranges  0x00002bd0      0x4d0 build/obj/ch.o
 .debug_ranges  0x000030a0       0x28 build/obj/BaseMessage.o
 .debug_ranges  0x000030c8      0x168 build/obj/MessageQueue.o
 .debug_ranges  0x00003230       0xc8 build/obj/BasePublisher.o
 .debug_ranges  0x000032f8       0x40 build/obj/BaseSubscriber.o
 .debug_ranges  0x00003338       0x58 build/obj/LocalPublisher.o
 .debug_ranges  0x00003390       0x90 build/obj/LocalSubscriber.o
 .debug_ranges  0x00003420       0x60 build/obj/RemotePublisher.o
 .debug_ranges  0x00003480       0xb0 build/obj/RemoteSubscriber.o
 .debug_ranges  0x00003530      0x1f8 build/obj/Node.o
 .debug_ranges  0x00003728      0x268 build/obj/Middleware.o
 .debug_ranges  0x00003990       0xc0 build/obj/RTcan.o
 .debug_ranges  0x00003a50       0x88 build/obj/main_middleware_test.o

.debug_line     0x00000000     0xf8e7
 .debug_line    0x00000000      0x173 build/obj/crt0.o
 .debug_line    0x00000173       0xf6 build/obj/vectors.o
 .debug_line    0x00000269       0x5b build/obj/chcore.o
 .debug_line    0x000002c4      0x248 build/obj/chcore_v7m.o
 .debug_line    0x0000050c      0x131 build/obj/nvic.o
 .debug_line    0x0000063d      0x1dc build/obj/chsys.o
 .debug_line    0x00000819      0x354 build/obj/chdebug.o
 .debug_line    0x00000b6d       0x1d build/obj/chlists.o
 .debug_line    0x00000b8a      0x1c4 build/obj/chvt.o
 .debug_line    0x00000d4e      0x49c build/obj/chschd.o
 .debug_line    0x000011ea      0x4c1 build/obj/chthreads.o
 .debug_line    0x000016ab      0x2a5 build/obj/chdynamic.o
 .debug_line    0x00001950      0x227 build/obj/chregistry.o
 .debug_line    0x00001b77      0x4b6 build/obj/chsem.o
 .debug_line    0x0000202d      0x3e0 build/obj/chmtx.o
 .debug_line    0x0000240d      0x356 build/obj/chcond.o
 .debug_line    0x00002763      0x3e1 build/obj/chevents.o
 .debug_line    0x00002b44      0x1f5 build/obj/chmsg.o
 .debug_line    0x00002d39      0x334 build/obj/chmboxes.o
 .debug_line    0x0000306d      0x52a build/obj/chqueues.o
 .debug_line    0x00003597      0x236 build/obj/chmemcore.o
 .debug_line    0x000037cd      0x2f1 build/obj/chheap.o
 .debug_line    0x00003abe      0x315 build/obj/chmempools.o
 .debug_line    0x00003dd3      0x651 build/obj/test.o
 .debug_line    0x00004424      0x228 build/obj/testthd.o
 .debug_line    0x0000464c      0x317 build/obj/testsem.o
 .debug_line    0x00004963      0x4ef build/obj/testmtx.o
 .debug_line    0x00004e52      0x1a6 build/obj/testmsg.o
 .debug_line    0x00004ff8      0x22d build/obj/testmbox.o
 .debug_line    0x00005225      0x2b4 build/obj/testevt.o
 .debug_line    0x000054d9      0x264 build/obj/testheap.o
 .debug_line    0x0000573d      0x140 build/obj/testpools.o
 .debug_line    0x0000587d      0x35a build/obj/testdyn.o
 .debug_line    0x00005bd7      0x306 build/obj/testqueues.o
 .debug_line    0x00005edd      0x638 build/obj/testbmk.o
 .debug_line    0x00006515      0x241 build/obj/hal.o
 .debug_line    0x00006756      0x45d build/obj/adc.o
 .debug_line    0x00006bb3       0xee build/obj/can.o
 .debug_line    0x00006ca1       0xee build/obj/ext.o
 .debug_line    0x00006d8f       0xee build/obj/gpt.o
 .debug_line    0x00006e7d       0xee build/obj/i2c.o
 .debug_line    0x00006f6b       0xee build/obj/icu.o
 .debug_line    0x00007059       0xee build/obj/mac.o
 .debug_line    0x00007147       0xee build/obj/mmc_spi.o
 .debug_line    0x00007235       0xee build/obj/mmcsd.o
 .debug_line    0x00007323      0x208 build/obj/pal.o
 .debug_line    0x0000752b       0xee build/obj/pwm.o
 .debug_line    0x00007619       0xee build/obj/qei.o
 .debug_line    0x00007707       0xee build/obj/rtc.o
 .debug_line    0x000077f5       0xee build/obj/sdc.o
 .debug_line    0x000078e3      0x41c build/obj/serial.o
 .debug_line    0x00007cff       0xee build/obj/serial_usb.o
 .debug_line    0x00007ded       0xee build/obj/spi.o
 .debug_line    0x00007edb       0xee build/obj/tm.o
 .debug_line    0x00007fc9       0xee build/obj/uart.o
 .debug_line    0x000080b7       0xee build/obj/usb.o
 .debug_line    0x000081a5      0x2c9 build/obj/stm32_dma.o
 .debug_line    0x0000846e      0x1f2 build/obj/hal_lld.o
 .debug_line    0x00008660      0x3e6 build/obj/adc_lld.o
 .debug_line    0x00008a46       0xee build/obj/ext_lld_isr.o
 .debug_line    0x00008b34       0xee build/obj/can_lld.o
 .debug_line    0x00008c22       0xee build/obj/ext_lld.o
 .debug_line    0x00008d10       0xee build/obj/gpt_lld.o
 .debug_line    0x00008dfe       0xee build/obj/icu_lld.o
 .debug_line    0x00008eec       0xee build/obj/mac_lld.o
 .debug_line    0x00008fda       0xee build/obj/pwm_lld.o
 .debug_line    0x000090c8       0xee build/obj/qei_lld.o
 .debug_line    0x000091b6       0xee build/obj/sdc_lld.o
 .debug_line    0x000092a4      0x24f build/obj/pal_lld.o
 .debug_line    0x000094f3       0xee build/obj/i2c_lld.o
 .debug_line    0x000095e1       0xee build/obj/rtc_lld.o
 .debug_line    0x000096cf       0xee build/obj/spi_lld.o
 .debug_line    0x000097bd      0x3f7 build/obj/serial_lld.o
 .debug_line    0x00009bb4       0xee build/obj/uart_lld.o
 .debug_line    0x00009ca2       0xee build/obj/usb_lld.o
 .debug_line    0x00009d90      0x153 build/obj/board.o
 .debug_line    0x00009ee3      0x38a build/obj/chprintf.o
 .debug_line    0x0000a26d      0x1cf build/obj/evtimer.o
 .debug_line    0x0000a43c      0x43b build/obj/shell.o
 .debug_line    0x0000a877      0x20b build/obj/syscalls.o
 .debug_line    0x0000aa82      0x385 build/obj/rtcan_lld_can.o
 .debug_line    0x0000ae07      0x283 build/obj/rtcan_lld_tim.o
 .debug_line    0x0000b08a      0x435 build/obj/rtcan.o
 .debug_line    0x0000b4bf      0x1d7 build/obj/msgqueue.o
 .debug_line    0x0000b696      0x324 build/obj/hrt.o
 .debug_line    0x0000b9ba      0x22a build/obj/srt.o
 .debug_line    0x0000bbe4       0xe1 build/obj/uid.o
 .debug_line    0x0000bcc5      0xccd build/obj/ch.o
 .debug_line    0x0000c992      0x185 build/obj/BaseMessage.o
 .debug_line    0x0000cb17      0x23a build/obj/MessageQueue.o
 .debug_line    0x0000cd51      0x3e3 build/obj/BasePublisher.o
 .debug_line    0x0000d134      0x2bc build/obj/BaseSubscriber.o
 .debug_line    0x0000d3f0      0x3ba build/obj/LocalPublisher.o
 .debug_line    0x0000d7aa      0x405 build/obj/LocalSubscriber.o
 .debug_line    0x0000dbaf      0x449 build/obj/RemotePublisher.o
 .debug_line    0x0000dff8      0x43b build/obj/RemoteSubscriber.o
 .debug_line    0x0000e433      0x5dd build/obj/Node.o
 .debug_line    0x0000ea10      0x51a build/obj/Middleware.o
 .debug_line    0x0000ef2a      0x41d build/obj/RTcan.o
 .debug_line    0x0000f347      0x5a0 build/obj/main_middleware_test.o

.debug_str      0x00000000     0x69c0
 .debug_str     0x00000000      0x210 build/obj/crt0.o
                                0x244 (size before relaxing)
 .debug_str     0x00000210      0x144 build/obj/vectors.o
                                0x26b (size before relaxing)
 .debug_str     0x00000354       0x35 build/obj/chcore.o
                                0x13e (size before relaxing)
 .debug_str     0x00000389      0x282 build/obj/chcore_v7m.o
                                0x3e8 (size before relaxing)
 .debug_str     0x0000060b       0xbb build/obj/nvic.o
                                0x235 (size before relaxing)
 .debug_str     0x000006c6      0x1cb build/obj/chsys.o
                                0x4b1 (size before relaxing)
 .debug_str     0x00000891      0x1ab build/obj/chdebug.o
                                0x4de (size before relaxing)
 .debug_str     0x00000a3c       0x26 build/obj/chlists.o
                                0x12f (size before relaxing)
 .debug_str     0x00000a62       0x5d build/obj/chvt.o
                                0x1da (size before relaxing)
 .debug_str     0x00000abf       0xf5 build/obj/chschd.o
                                0x41e (size before relaxing)
 .debug_str     0x00000bb4      0x110 build/obj/chthreads.o
                                0x454 (size before relaxing)
 .debug_str     0x00000cc4       0xf4 build/obj/chdynamic.o
                                0x3c5 (size before relaxing)
 .debug_str     0x00000db8       0x4a build/obj/chregistry.o
                                0x420 (size before relaxing)
 .debug_str     0x00000e02       0xc3 build/obj/chsem.o
                                0x3d6 (size before relaxing)
 .debug_str     0x00000ec5       0x92 build/obj/chmtx.o
                                0x38c (size before relaxing)
 .debug_str     0x00000f57       0xb8 build/obj/chcond.o
                                0x3ac (size before relaxing)
 .debug_str     0x0000100f      0x1c1 build/obj/chevents.o
                                0x4a8 (size before relaxing)
 .debug_str     0x000011d0       0x45 build/obj/chmsg.o
                                0x335 (size before relaxing)
 .debug_str     0x00001215       0xdd build/obj/chmboxes.o
                                0x3a5 (size before relaxing)
 .debug_str     0x000012f2      0x121 build/obj/chqueues.o
                                0x42e (size before relaxing)
 .debug_str     0x00001413       0xb5 build/obj/chmemcore.o
                                0x1e2 (size before relaxing)
 .debug_str     0x000014c8       0x72 build/obj/chheap.o
                                0x374 (size before relaxing)
 .debug_str     0x0000153a       0x74 build/obj/chmempools.o
                                0x1f7 (size before relaxing)
 .debug_str     0x000015ae      0x26c build/obj/test.o
                                0x5f0 (size before relaxing)
 .debug_str     0x0000181a       0x75 build/obj/testthd.o
                                0x3eb (size before relaxing)
 .debug_str     0x0000188f       0xce build/obj/testsem.o
                                0x466 (size before relaxing)
 .debug_str     0x0000195d      0x19c build/obj/testmtx.o
                                0x52a (size before relaxing)
 .debug_str     0x00001af9       0x33 build/obj/testmsg.o
                                0x349 (size before relaxing)
 .debug_str     0x00001b2c       0x47 build/obj/testmbox.o
                                0x38e (size before relaxing)
 .debug_str     0x00001b73       0x87 build/obj/testevt.o
                                0x471 (size before relaxing)
 .debug_str     0x00001bfa       0x4c build/obj/testheap.o
                                0x392 (size before relaxing)
 .debug_str     0x00001c46       0x54 build/obj/testpools.o
                                0x1ea (size before relaxing)
 .debug_str     0x00001c9a       0x8e build/obj/testdyn.o
                                0x475 (size before relaxing)
 .debug_str     0x00001d28       0x74 build/obj/testqueues.o
                                0x435 (size before relaxing)
 .debug_str     0x00001d9c      0x181 build/obj/testbmk.o
                                0x5a3 (size before relaxing)
 .debug_str     0x00001f1d       0xf4 build/obj/hal.o
                                0x228 (size before relaxing)
 .debug_str     0x00002011      0x234 build/obj/adc.o
                                0x5c0 (size before relaxing)
 .debug_str     0x00002245       0x1f build/obj/can.o
                                0x13d (size before relaxing)
 .debug_str     0x00002264       0x1f build/obj/ext.o
                                0x13d (size before relaxing)
 .debug_str     0x00002283       0x1f build/obj/gpt.o
                                0x13d (size before relaxing)
 .debug_str     0x000022a2       0x1f build/obj/i2c.o
                                0x13d (size before relaxing)
 .debug_str     0x000022c1       0x1f build/obj/icu.o
                                0x13d (size before relaxing)
 .debug_str     0x000022e0       0x1f build/obj/mac.o
                                0x13d (size before relaxing)
 .debug_str     0x000022ff       0x23 build/obj/mmc_spi.o
                                0x141 (size before relaxing)
 .debug_str     0x00002322       0x21 build/obj/mmcsd.o
                                0x13f (size before relaxing)
 .debug_str     0x00002343       0x8e build/obj/pal.o
                                0x1d3 (size before relaxing)
 .debug_str     0x000023d1       0x1f build/obj/pwm.o
                                0x13d (size before relaxing)
 .debug_str     0x000023f0       0x1f build/obj/qei.o
                                0x13d (size before relaxing)
 .debug_str     0x0000240f       0x1f build/obj/rtc.o
                                0x13d (size before relaxing)
 .debug_str     0x0000242e       0x1f build/obj/sdc.o
                                0x13d (size before relaxing)
 .debug_str     0x0000244d      0x16b build/obj/serial.o
                                0x510 (size before relaxing)
 .debug_str     0x000025b8       0x26 build/obj/serial_usb.o
                                0x144 (size before relaxing)
 .debug_str     0x000025de       0x1f build/obj/spi.o
                                0x13d (size before relaxing)
 .debug_str     0x000025fd       0x1e build/obj/tm.o
                                0x13c (size before relaxing)
 .debug_str     0x0000261b       0x20 build/obj/uart.o
                                0x13e (size before relaxing)
 .debug_str     0x0000263b       0x1f build/obj/usb.o
                                0x13d (size before relaxing)
 .debug_str     0x0000265a      0x41b build/obj/stm32_dma.o
                                0x5dc (size before relaxing)
 .debug_str     0x00002a75       0xd4 build/obj/hal_lld.o
                                0x287 (size before relaxing)
 .debug_str     0x00002b49       0xbd build/obj/adc_lld.o
                                0x5f1 (size before relaxing)
 .debug_str     0x00002c06       0x37 build/obj/ext_lld_isr.o
                                0x155 (size before relaxing)
 .debug_str     0x00002c3d       0x2f build/obj/can_lld.o
                                0x14d (size before relaxing)
 .debug_str     0x00002c6c       0x2f build/obj/ext_lld.o
                                0x14d (size before relaxing)
 .debug_str     0x00002c9b       0x2f build/obj/gpt_lld.o
                                0x14d (size before relaxing)
 .debug_str     0x00002cca       0x2f build/obj/icu_lld.o
                                0x14d (size before relaxing)
 .debug_str     0x00002cf9       0x2f build/obj/mac_lld.o
                                0x14d (size before relaxing)
 .debug_str     0x00002d28       0x2f build/obj/pwm_lld.o
                                0x14d (size before relaxing)
 .debug_str     0x00002d57       0x2f build/obj/qei_lld.o
                                0x14d (size before relaxing)
 .debug_str     0x00002d86       0x2f build/obj/sdc_lld.o
                                0x14d (size before relaxing)
 .debug_str     0x00002db5       0x61 build/obj/pal_lld.o
                                0x25d (size before relaxing)
 .debug_str     0x00002e16       0x35 build/obj/i2c_lld.o
                                0x153 (size before relaxing)
 .debug_str     0x00002e4b       0x35 build/obj/rtc_lld.o
                                0x153 (size before relaxing)
 .debug_str     0x00002e80       0x35 build/obj/spi_lld.o
                                0x153 (size before relaxing)
 .debug_str     0x00002eb5       0xb3 build/obj/serial_lld.o
                                0x856 (size before relaxing)
 .debug_str     0x00002f68       0x38 build/obj/uart_lld.o
                                0x156 (size before relaxing)
 .debug_str     0x00002fa0       0x35 build/obj/usb_lld.o
                                0x153 (size before relaxing)
 .debug_str     0x00002fd5       0x12 build/obj/board.o
                                0x199 (size before relaxing)
 .debug_str     0x00002fe7       0xb3 build/obj/chprintf.o
                                0x228 (size before relaxing)
 .debug_str     0x0000309a       0x4e build/obj/evtimer.o
                                0x382 (size before relaxing)
 .debug_str     0x000030e8      0x123 build/obj/shell.o
                                0x51a (size before relaxing)
 .debug_str     0x0000320b      0x4b1 build/obj/syscalls.o
                                0x620 (size before relaxing)
 .debug_str     0x000036bc      0x487 build/obj/rtcan_lld_can.o
                                0xa1c (size before relaxing)
 .debug_str     0x00003b43      0x118 build/obj/rtcan_lld_tim.o
                                0x945 (size before relaxing)
 .debug_str     0x00003c5b      0x153 build/obj/rtcan.o
                                0x742 (size before relaxing)
 .debug_str     0x00003dae       0x67 build/obj/msgqueue.o
                                0x298 (size before relaxing)
 .debug_str     0x00003e15       0xad build/obj/hrt.o
                                0x60b (size before relaxing)
 .debug_str     0x00003ec2       0x2e build/obj/srt.o
                                0x5df (size before relaxing)
 .debug_str     0x00003ef0       0x27 build/obj/uid.o
                                0x138 (size before relaxing)
 .debug_str     0x00003f17     0x188b build/obj/ch.o
                               0x1e00 (size before relaxing)
 .debug_str     0x000057a2       0x8e build/obj/BaseMessage.o
                                0x1d4 (size before relaxing)
 .debug_str     0x00005830       0xe4 build/obj/MessageQueue.o
                                0x2d5 (size before relaxing)
 .debug_str     0x00005914      0x6fb build/obj/BasePublisher.o
                                0xd6f (size before relaxing)
 .debug_str     0x0000600f       0x2f build/obj/BaseSubscriber.o
                                0x61d (size before relaxing)
 .debug_str     0x0000603e       0x2a build/obj/LocalPublisher.o
                                0xd78 (size before relaxing)
 .debug_str     0x00006068       0x25 build/obj/LocalSubscriber.o
                                0xcbe (size before relaxing)
 .debug_str     0x0000608d       0xcb build/obj/RemotePublisher.o
                               0x1109 (size before relaxing)
 .debug_str     0x00006158      0x510 build/obj/RemoteSubscriber.o
                               0x12cd (size before relaxing)
 .debug_str     0x00006668       0x87 build/obj/Node.o
                               0x1318 (size before relaxing)
 .debug_str     0x000066ef       0x8e build/obj/Middleware.o
                               0x1367 (size before relaxing)
 .debug_str     0x0000677d       0x55 build/obj/RTcan.o
                                0xf5d (size before relaxing)
 .debug_str     0x000067d2      0x1ee build/obj/main_middleware_test.o
                               0x1af2 (size before relaxing)

.comment        0x00000000       0x70
 .comment       0x00000000       0x70 build/obj/crt0.o
                                 0x71 (size before relaxing)
 .comment       0x00000000       0x71 build/obj/vectors.o
 .comment       0x00000000       0x71 build/obj/chcore.o
 .comment       0x00000000       0x71 build/obj/chcore_v7m.o
 .comment       0x00000000       0x71 build/obj/nvic.o
 .comment       0x00000000       0x71 build/obj/chsys.o
 .comment       0x00000000       0x71 build/obj/chdebug.o
 .comment       0x00000000       0x71 build/obj/chlists.o
 .comment       0x00000000       0x71 build/obj/chvt.o
 .comment       0x00000000       0x71 build/obj/chschd.o
 .comment       0x00000000       0x71 build/obj/chthreads.o
 .comment       0x00000000       0x71 build/obj/chdynamic.o
 .comment       0x00000000       0x71 build/obj/chregistry.o
 .comment       0x00000000       0x71 build/obj/chsem.o
 .comment       0x00000000       0x71 build/obj/chmtx.o
 .comment       0x00000000       0x71 build/obj/chcond.o
 .comment       0x00000000       0x71 build/obj/chevents.o
 .comment       0x00000000       0x71 build/obj/chmsg.o
 .comment       0x00000000       0x71 build/obj/chmboxes.o
 .comment       0x00000000       0x71 build/obj/chqueues.o
 .comment       0x00000000       0x71 build/obj/chmemcore.o
 .comment       0x00000000       0x71 build/obj/chheap.o
 .comment       0x00000000       0x71 build/obj/chmempools.o
 .comment       0x00000000       0x71 build/obj/test.o
 .comment       0x00000000       0x71 build/obj/testthd.o
 .comment       0x00000000       0x71 build/obj/testsem.o
 .comment       0x00000000       0x71 build/obj/testmtx.o
 .comment       0x00000000       0x71 build/obj/testmsg.o
 .comment       0x00000000       0x71 build/obj/testmbox.o
 .comment       0x00000000       0x71 build/obj/testevt.o
 .comment       0x00000000       0x71 build/obj/testheap.o
 .comment       0x00000000       0x71 build/obj/testpools.o
 .comment       0x00000000       0x71 build/obj/testdyn.o
 .comment       0x00000000       0x71 build/obj/testqueues.o
 .comment       0x00000000       0x71 build/obj/testbmk.o
 .comment       0x00000000       0x71 build/obj/hal.o
 .comment       0x00000000       0x71 build/obj/adc.o
 .comment       0x00000000       0x71 build/obj/can.o
 .comment       0x00000000       0x71 build/obj/ext.o
 .comment       0x00000000       0x71 build/obj/gpt.o
 .comment       0x00000000       0x71 build/obj/i2c.o
 .comment       0x00000000       0x71 build/obj/icu.o
 .comment       0x00000000       0x71 build/obj/mac.o
 .comment       0x00000000       0x71 build/obj/mmc_spi.o
 .comment       0x00000000       0x71 build/obj/mmcsd.o
 .comment       0x00000000       0x71 build/obj/pal.o
 .comment       0x00000000       0x71 build/obj/pwm.o
 .comment       0x00000000       0x71 build/obj/qei.o
 .comment       0x00000000       0x71 build/obj/rtc.o
 .comment       0x00000000       0x71 build/obj/sdc.o
 .comment       0x00000000       0x71 build/obj/serial.o
 .comment       0x00000000       0x71 build/obj/serial_usb.o
 .comment       0x00000000       0x71 build/obj/spi.o
 .comment       0x00000000       0x71 build/obj/tm.o
 .comment       0x00000000       0x71 build/obj/uart.o
 .comment       0x00000000       0x71 build/obj/usb.o
 .comment       0x00000000       0x71 build/obj/stm32_dma.o
 .comment       0x00000000       0x71 build/obj/hal_lld.o
 .comment       0x00000000       0x71 build/obj/adc_lld.o
 .comment       0x00000000       0x71 build/obj/ext_lld_isr.o
 .comment       0x00000000       0x71 build/obj/can_lld.o
 .comment       0x00000000       0x71 build/obj/ext_lld.o
 .comment       0x00000000       0x71 build/obj/gpt_lld.o
 .comment       0x00000000       0x71 build/obj/icu_lld.o
 .comment       0x00000000       0x71 build/obj/mac_lld.o
 .comment       0x00000000       0x71 build/obj/pwm_lld.o
 .comment       0x00000000       0x71 build/obj/qei_lld.o
 .comment       0x00000000       0x71 build/obj/sdc_lld.o
 .comment       0x00000000       0x71 build/obj/pal_lld.o
 .comment       0x00000000       0x71 build/obj/i2c_lld.o
 .comment       0x00000000       0x71 build/obj/rtc_lld.o
 .comment       0x00000000       0x71 build/obj/spi_lld.o
 .comment       0x00000000       0x71 build/obj/serial_lld.o
 .comment       0x00000000       0x71 build/obj/uart_lld.o
 .comment       0x00000000       0x71 build/obj/usb_lld.o
 .comment       0x00000000       0x71 build/obj/board.o
 .comment       0x00000000       0x71 build/obj/chprintf.o
 .comment       0x00000000       0x71 build/obj/evtimer.o
 .comment       0x00000000       0x71 build/obj/shell.o
 .comment       0x00000000       0x71 build/obj/syscalls.o
 .comment       0x00000000       0x71 build/obj/rtcan_lld_can.o
 .comment       0x00000000       0x71 build/obj/rtcan_lld_tim.o
 .comment       0x00000000       0x71 build/obj/rtcan.o
 .comment       0x00000000       0x71 build/obj/msgqueue.o
 .comment       0x00000000       0x71 build/obj/hrt.o
 .comment       0x00000000       0x71 build/obj/srt.o
 .comment       0x00000000       0x71 build/obj/uid.o
 .comment       0x00000000       0x71 build/obj/ch.o